Archive member included because of file (symbol)

c:/altera/12.0/nios2eds/bin/gnu/h-i686-mingw32/bin/../lib/gcc/nios2-elf/4.1.2\libgcc.a(lib2-divmod.o)
                              obj/default/kernelTest1.o (__modsi3)
c:/altera/12.0/nios2eds/bin/gnu/h-i686-mingw32/bin/../lib/gcc/nios2-elf/4.1.2/../../../../nios2-elf/lib\libc.a(lib_a-exit.o)
                              obj/default/kernel.o (exit)
c:/altera/12.0/nios2eds/bin/gnu/h-i686-mingw32/bin/../lib/gcc/nios2-elf/4.1.2/../../../../nios2-elf/lib\libc.a(lib_a-impure.o)
                              c:/altera/12.0/nios2eds/bin/gnu/h-i686-mingw32/bin/../lib/gcc/nios2-elf/4.1.2/../../../../nios2-elf/lib\libc.a(lib_a-exit.o) (_global_impure_ptr)
c:/altera/12.0/nios2eds/bin/gnu/h-i686-mingw32/bin/../lib/gcc/nios2-elf/4.1.2/../../../../nios2-elf/lib\libc.a(lib_a-malloc.o)
                              obj/default/interrupt.o (free)
c:/altera/12.0/nios2eds/bin/gnu/h-i686-mingw32/bin/../lib/gcc/nios2-elf/4.1.2/../../../../nios2-elf/lib\libc.a(lib_a-mallocr.o)
                              c:/altera/12.0/nios2eds/bin/gnu/h-i686-mingw32/bin/../lib/gcc/nios2-elf/4.1.2/../../../../nios2-elf/lib\libc.a(lib_a-malloc.o) (_malloc_r)
c:/altera/12.0/nios2eds/bin/gnu/h-i686-mingw32/bin/../lib/gcc/nios2-elf/4.1.2/../../../../nios2-elf/lib\libc.a(lib_a-printf.o)
                              obj/default/kernel.o (printf)
c:/altera/12.0/nios2eds/bin/gnu/h-i686-mingw32/bin/../lib/gcc/nios2-elf/4.1.2/../../../../nios2-elf/lib\libc.a(lib_a-puts.o)
                              obj/default/kernel.o (puts)
c:/altera/12.0/nios2eds/bin/gnu/h-i686-mingw32/bin/../lib/gcc/nios2-elf/4.1.2/../../../../nios2-elf/lib\libc.a(lib_a-sbrkr.o)
                              c:/altera/12.0/nios2eds/bin/gnu/h-i686-mingw32/bin/../lib/gcc/nios2-elf/4.1.2/../../../../nios2-elf/lib\libc.a(lib_a-mallocr.o) (_sbrk_r)
c:/altera/12.0/nios2eds/bin/gnu/h-i686-mingw32/bin/../lib/gcc/nios2-elf/4.1.2/../../../../nios2-elf/lib\libc.a(lib_a-strlen.o)
                              c:/altera/12.0/nios2eds/bin/gnu/h-i686-mingw32/bin/../lib/gcc/nios2-elf/4.1.2/../../../../nios2-elf/lib\libc.a(lib_a-puts.o) (strlen)
c:/altera/12.0/nios2eds/bin/gnu/h-i686-mingw32/bin/../lib/gcc/nios2-elf/4.1.2/../../../../nios2-elf/lib\libc.a(lib_a-vfprintf.o)
                              c:/altera/12.0/nios2eds/bin/gnu/h-i686-mingw32/bin/../lib/gcc/nios2-elf/4.1.2/../../../../nios2-elf/lib\libc.a(lib_a-printf.o) (___vfprintf_internal_r)
c:/altera/12.0/nios2eds/bin/gnu/h-i686-mingw32/bin/../lib/gcc/nios2-elf/4.1.2/../../../../nios2-elf/lib\libc.a(lib_a-wsetup.o)
                              c:/altera/12.0/nios2eds/bin/gnu/h-i686-mingw32/bin/../lib/gcc/nios2-elf/4.1.2/../../../../nios2-elf/lib\libc.a(lib_a-vfprintf.o) (__swsetup_r)
c:/altera/12.0/nios2eds/bin/gnu/h-i686-mingw32/bin/../lib/gcc/nios2-elf/4.1.2/../../../../nios2-elf/lib\libc.a(lib_a-__call_atexit.o)
                              c:/altera/12.0/nios2eds/bin/gnu/h-i686-mingw32/bin/../lib/gcc/nios2-elf/4.1.2/../../../../nios2-elf/lib\libc.a(lib_a-exit.o) (__call_exitprocs)
c:/altera/12.0/nios2eds/bin/gnu/h-i686-mingw32/bin/../lib/gcc/nios2-elf/4.1.2/../../../../nios2-elf/lib\libc.a(lib_a-dtoa.o)
                              c:/altera/12.0/nios2eds/bin/gnu/h-i686-mingw32/bin/../lib/gcc/nios2-elf/4.1.2/../../../../nios2-elf/lib\libc.a(lib_a-vfprintf.o) (_dtoa_r)
c:/altera/12.0/nios2eds/bin/gnu/h-i686-mingw32/bin/../lib/gcc/nios2-elf/4.1.2/../../../../nios2-elf/lib\libc.a(lib_a-fflush.o)
                              c:/altera/12.0/nios2eds/bin/gnu/h-i686-mingw32/bin/../lib/gcc/nios2-elf/4.1.2/../../../../nios2-elf/lib\libc.a(lib_a-vfprintf.o) (_fflush_r)
c:/altera/12.0/nios2eds/bin/gnu/h-i686-mingw32/bin/../lib/gcc/nios2-elf/4.1.2/../../../../nios2-elf/lib\libc.a(lib_a-findfp.o)
                              c:/altera/12.0/nios2eds/bin/gnu/h-i686-mingw32/bin/../lib/gcc/nios2-elf/4.1.2/../../../../nios2-elf/lib\libc.a(lib_a-vfprintf.o) (__sinit)
c:/altera/12.0/nios2eds/bin/gnu/h-i686-mingw32/bin/../lib/gcc/nios2-elf/4.1.2/../../../../nios2-elf/lib\libc.a(lib_a-freer.o)
                              c:/altera/12.0/nios2eds/bin/gnu/h-i686-mingw32/bin/../lib/gcc/nios2-elf/4.1.2/../../../../nios2-elf/lib\libc.a(lib_a-malloc.o) (_free_r)
c:/altera/12.0/nios2eds/bin/gnu/h-i686-mingw32/bin/../lib/gcc/nios2-elf/4.1.2/../../../../nios2-elf/lib\libc.a(lib_a-fvwrite.o)
                              c:/altera/12.0/nios2eds/bin/gnu/h-i686-mingw32/bin/../lib/gcc/nios2-elf/4.1.2/../../../../nios2-elf/lib\libc.a(lib_a-puts.o) (__sfvwrite_r)
c:/altera/12.0/nios2eds/bin/gnu/h-i686-mingw32/bin/../lib/gcc/nios2-elf/4.1.2/../../../../nios2-elf/lib\libc.a(lib_a-fwalk.o)
                              c:/altera/12.0/nios2eds/bin/gnu/h-i686-mingw32/bin/../lib/gcc/nios2-elf/4.1.2/../../../../nios2-elf/lib\libc.a(lib_a-fflush.o) (_fwalk_reent)
c:/altera/12.0/nios2eds/bin/gnu/h-i686-mingw32/bin/../lib/gcc/nios2-elf/4.1.2/../../../../nios2-elf/lib\libc.a(lib_a-int_errno.o)
[...]
Memory Configuration

Name             Origin             Length             Attributes
sdram            0x00000000         0x02000000
reset            0x02000000         0x00000020
onchip_mem       0x02000020         0x00003fe0
*default*        0x00000000         0xffffffff

Linker script and memory map

LOAD ../kernel_bsp//obj/HAL/src/crt0.o
LOAD obj/default/interrupt.o
LOAD obj/default/kernel.o
LOAD obj/default/kernelTest1.o
LOAD obj/default/system_m.o
LOAD obj/default/asm.o
LOAD c:/altera/12.0/nios2eds/bin/gnu/h-i686-mingw32/bin/../lib/gcc/nios2-elf/4.1.2/../../../../nios2-elf/lib\libstdc++.a
LOAD c:/altera/12.0/nios2eds/bin/gnu/h-i686-mingw32/bin/../lib/gcc/nios2-elf/4.1.2/../../../../nios2-elf/lib\libm.a
LOAD c:/altera/12.0/nios2eds/bin/gnu/h-i686-mingw32/bin/../lib/gcc/nios2-elf/4.1.2\libgcc.a
START GROUP
LOAD c:/altera/12.0/nios2eds/bin/gnu/h-i686-mingw32/bin/../lib/gcc/nios2-elf/4.1.2/../../../../nios2-elf/lib\libc.a
LOAD c:/altera/12.0/nios2eds/bin/gnu/h-i686-mingw32/bin/../lib/gcc/nios2-elf/4.1.2\libgcc.a
LOAD ../kernel_bsp/\libhal_bsp.a
END GROUP
LOAD c:/altera/12.0/nios2eds/bin/gnu/h-i686-mingw32/bin/../lib/gcc/nios2-elf/4.1.2\libgcc.a
                0x00000000                __alt_mem_sdram = 0x0
                0x02000000                __alt_mem_onchip_mem = 0x2000000

.entry          0x02000000       0x20
 *(.entry)
 .entry         0x02000000       0x20 ../kernel_bsp//obj/HAL/src/crt0.o
                0x02000000                __reset

.exceptions     0x02000020      0x194 load address 0x00000000
                0x02000020                PROVIDE (__ram_exceptions_start, ABSOLUTE (.))
                0x02000020                . = ALIGN (0x20)
 *(.irq)
 *(.exceptions.entry.label)
 .exceptions.entry.label
                0x02000020        0x0 ../kernel_bsp/\libhal_bsp.a(alt_irq_entry.o)
                0x02000020                alt_irq_entry
 .exceptions.entry.label
                0x02000020        0x0 ../kernel_bsp/\libhal_bsp.a(alt_exception_entry.o)
                0x02000020                alt_exception
 *(.exceptions.entry.user)
 *(.exceptions.entry)
 .exceptions.entry
                0x02000020       0x54 ../kernel_bsp/\libhal_bsp.a(alt_exception_entry.o)
 *(.exceptions.irqtest.user)
 *(.exceptions.irqtest)
 .exceptions.irqtest
                0x02000074       0x10 ../kernel_bsp/\libhal_bsp.a(alt_irq_entry.o)
 *(.exceptions.irqhandler.user)
 *(.exceptions.irqhandler)
 .exceptions.irqhandler
                0x02000084        0x4 ../kernel_bsp/\libhal_bsp.a(alt_irq_entry.o)
 *(.exceptions.irqreturn.user)
 *(.exceptions.irqreturn)
 .exceptions.irqreturn
                0x02000088        0x4 ../kernel_bsp/\libhal_bsp.a(alt_irq_entry.o)
 *(.exceptions.notirq.label)
 .exceptions.notirq.label
                0x0200008c        0x0 ../kernel_bsp/\libhal_bsp.a(alt_irq_entry.o)
 *(.exceptions.notirq.user)
 *(.exceptions.notirq)
 .exceptions.notirq
                0x0200008c        0x8 ../kernel_bsp/\libhal_bsp.a(alt_exception_entry.o)
 *(.exceptions.soft.user)
 *(.exceptions.soft)
 *(.exceptions.unknown.user)
 *(.exceptions.unknown)
 .exceptions.unknown
                0x02000094        0x4 ../kernel_bsp/\libhal_bsp.a(alt_exception_entry.o)
 *(.exceptions.exit.label)
 .exceptions.exit.label
                0x02000098        0x0 ../kernel_bsp/\libhal_bsp.a(alt_irq_entry.o)
 .exceptions.exit.label
                0x02000098        0x0 ../kernel_bsp/\libhal_bsp.a(alt_exception_entry.o)
 *(.exceptions.exit.user)
 *(.exceptions.exit)
 .exceptions.exit
                0x02000098       0x54 ../kernel_bsp/\libhal_bsp.a(alt_exception_entry.o)
 *(.exceptions)
 .exceptions    0x020000ec       0xc8 ../kernel_bsp/\libhal_bsp.a(alt_irq_handler.o)
                0x020000ec                alt_irq_handler
                0x020001b4                PROVIDE (__ram_exceptions_end, ABSOLUTE (.))
                0x00000000                PROVIDE (__flash_exceptions_start, LOADADDR (.exceptions))

.text           0x00000194     0xdf58
                0x00000194                PROVIDE (stext, ABSOLUTE (.))
 *(.interp)
 *(.hash)
 *(.dynsym)
 *(.dynstr)
 *(.gnu.version)
 *(.gnu.version_d)
 *(.gnu.version_r)
 *(.rel.init)
 *(.rela.init)
 *(.rel.text .rel.text.* .rel.gnu.linkonce.t.*)
 *(.rela.text .rela.text.* .rela.gnu.linkonce.t.*)
 *(.rel.fini)
 *(.rela.fini)
 *(.rel.rodata .rel.rodata.* .rel.gnu.linkonce.r.*)
 *(.rela.rodata .rela.rodata.* .rela.gnu.linkonce.r.*)
 *(.rel.data .rel.data.* .rel.gnu.linkonce.d.*)
 *(.rela.data .rela.data.* .rela.gnu.linkonce.d.*)
 *(.rel.tdata .rel.tdata.* .rel.gnu.linkonce.td.*)
 *(.rela.tdata .rela.tdata.* .rela.gnu.linkonce.td.*)
 *(.rel.tbss .rel.tbss.* .rel.gnu.linkonce.tb.*)
 *(.rela.tbss .rela.tbss.* .rela.gnu.linkonce.tb.*)
 *(.rel.ctors)
 *(.rela.ctors)
 *(.rel.dtors)
 *(.rela.dtors)
 *(.rel.got)
 *(.rela.got)
 *(.rel.sdata .rel.sdata.* .rel.gnu.linkonce.s.*)
 *(.rela.sdata .rela.sdata.* .rela.gnu.linkonce.s.*)
 *(.rel.sbss .rel.sbss.* .rel.gnu.linkonce.sb.*)
 *(.rela.sbss .rela.sbss.* .rela.gnu.linkonce.sb.*)
 *(.rel.sdata2 .rel.sdata2.* .rel.gnu.linkonce.s2.*)
 *(.rela.sdata2 .rela.sdata2.* .rela.gnu.linkonce.s2.*)
 *(.rel.sbss2 .rel.sbss2.* .rel.gnu.linkonce.sb2.*)
 *(.rela.sbss2 .rela.sbss2.* .rela.gnu.linkonce.sb2.*)
 *(.rel.bss .rel.bss.* .rel.gnu.linkonce.b.*)
 *(.rela.bss .rela.bss.* .rela.gnu.linkonce.b.*)
 *(.rel.plt)
 *(.rela.plt)
 *(.rel.dyn)
 *(.init)
 *(.plt)
 *(.text .stub .text.* .gnu.linkonce.t.*)
 .text          0x00000194       0x3c ../kernel_bsp//obj/HAL/src/crt0.o
                0x00000194                _start
 .text          0x000001d0      0x338 obj/default/interrupt.o
                0x000001d0                removeHeadI
                0x000002a4                insertTail
                0x0000037c                handle_button_interrupts
                0x00000400                init_button
                0x00000460                handle_timer_interrupts
                0x000004b8                init_clock
 .text          0x00000508      0xc54 obj/default/kernel.o
                0x00000508                addLast
                0x000005d0                addFirst
                0x00000640                removeHead
                0x000006f4                size
                0x00000758                head
                0x000007b8                createProcess
                0x00000894                currentProcess
                0x000008c0                currentMonitorID
                0x000009ec                currentMonitor
                0x00000a4c                start
                0x00000ac8                createMonitor
                0x00000b78                enterMonitor
                0x00000d30                exitMonitor
                0x00000e58                wait
                0x00000f24                _notify
                0x00000f74                notify
                0x00000fbc                notifyAll
                0x00001008                yield
                0x000010dc                createEvent
                0x000010fc                attendre
                0x0000111c                declencher
                0x0000113c                reinitialiser
 .text          0x0000115c      0x980 obj/default/kernelTest1.o
                0x0000115c                initBuffer
                0x00001198                put
                0x00001208                get
                0x00001274                initEventBuffer
                0x000012c8                eput
                0x00001324                eget
                0x00001380                displayNumber
                0x000013e8                blinkNumber
                0x000014d8                producer
                0x00001798                consumer0
                0x00001810                consumer1
                0x00001888                consumer2
                0x00001900                test0
                0x000019b4                test1
                0x00001a78                main
 .text          0x00001adc       0xec obj/default/system_m.o
                0x00001adc                newProcess
                0x00001b38                transfer
                0x00001b84                iotransfer
 .text          0x00001bc8      0x124 obj/default/asm.o
                0x00001bc8                _createStack
                0x00001be4                _transfer
                0x00001cd4                maskInterrupts
                0x00001ce0                allowInterrupts
 .text          0x00001cec      0x14c c:/altera/12.0/nios2eds/bin/gnu/h-i686-mingw32/bin/../lib/gcc/nios2-elf/4.1.2\libgcc.a(lib2-divmod.o)
                0x00001d68                __divsi3
                0x00001dc8                __modsi3
                0x00001e28                __udivsi3
                0x00001e30                __umodsi3
 .text          0x00001e38       0x38 c:/altera/12.0/nios2eds/bin/gnu/h-i686-mingw32/bin/../lib/gcc/nios2-elf/4.1.2/../../../../nios2-elf/lib\libc.a(lib_a-exit.o)
                0x00001e38                exit
 .text          0x00001e70        0x0 c:/altera/12.0/nios2eds/bin/gnu/h-i686-mingw32/bin/../lib/gcc/nios2-elf/4.1.2/../../../../nios2-elf/lib\libc.a(lib_a-impure.o)
 .text          0x00001e70       0x28 c:/altera/12.0/nios2eds/bin/gnu/h-i686-mingw32/bin/../lib/gcc/nios2-elf/4.1.2/../../../../nios2-elf/lib\libc.a(lib_a-malloc.o)
                0x00001e70                free
                0x00001e84                malloc
 .text          0x00001e98      0x740 c:/altera/12.0/nios2eds/bin/gnu/h-i686-mingw32/bin/../lib/gcc/nios2-elf/4.1.2/../../../../nios2-elf/lib\libc.a(lib_a-mallocr.o)
                0x00001e98                _malloc_r
 .text          0x000025d8       0x78 c:/altera/12.0/nios2eds/bin/gnu/h-i686-mingw32/bin/../lib/gcc/nios2-elf/4.1.2/../../../../nios2-elf/lib\libc.a(lib_a-printf.o)
                0x000025d8                printf
                0x0000261c                _printf_r
 .text          0x00002650       0xb4 c:/altera/12.0/nios2eds/bin/gnu/h-i686-mingw32/bin/../lib/gcc/nios2-elf/4.1.2/../../../../nios2-elf/lib\libc.a(lib_a-puts.o)
                0x00002650                _puts_r
                0x000026f0                puts
 .text          0x00002704       0x70 c:/altera/12.0/nios2eds/bin/gnu/h-i686-mingw32/bin/../lib/gcc/nios2-elf/4.1.2/../../../../nios2-elf/lib\libc.a(lib_a-sbrkr.o)
                0x00002704                _sbrk_r
 .text          0x00002774       0x74 c:/altera/12.0/nios2eds/bin/gnu/h-i686-mingw32/bin/../lib/gcc/nios2-elf/4.1.2/../../../../nios2-elf/lib\libc.a(lib_a-strlen.o)
                0x00002774                strlen
 .text          0x000027e8     0x1f28 c:/altera/12.0/nios2eds/bin/gnu/h-i686-mingw32/bin/../lib/gcc/nios2-elf/4.1.2/../../../../nios2-elf/lib\libc.a(lib_a-vfprintf.o)
                0x00002840                ___vfprintf_internal_r
                0x000046ec                __vfprintf_internal
 .text          0x00004710      0x13c c:/altera/12.0/nios2eds/bin/gnu/h-i686-mingw32/bin/../lib/gcc/nios2-elf/4.1.2/../../../../nios2-elf/lib\libc.a(lib_a-wsetup.o)
                0x00004710                __swsetup_r
 .text          0x0000484c      0x1b4 c:/altera/12.0/nios2eds/bin/gnu/h-i686-mingw32/bin/../lib/gcc/nios2-elf/4.1.2/../../../../nios2-elf/lib\libc.a(lib_a-__call_atexit.o)
                0x00004850                __call_exitprocs
 .text          0x00004a00     0x17cc c:/altera/12.0/nios2eds/bin/gnu/h-i686-mingw32/bin/../lib/gcc/nios2-elf/4.1.2/../../../../nios2-elf/lib\libc.a(lib_a-dtoa.o)
                0x00004c18                _dtoa_r
 .text          0x000061cc      0x230 c:/altera/12.0/nios2eds/bin/gnu/h-i686-mingw32/bin/../lib/gcc/nios2-elf/4.1.2/../../../../nios2-elf/lib\libc.a(lib_a-fflush.o)
                0x000061cc                _fflush_r
                0x000063c8                fflush
 .text          0x000063fc      0x2c0 c:/altera/12.0/nios2eds/bin/gnu/h-i686-mingw32/bin/../lib/gcc/nios2-elf/4.1.2/../../../../nios2-elf/lib\libc.a(lib_a-findfp.o)
                0x00006454                __sfp_lock_acquire
                0x00006458                __sfp_lock_release
                0x0000645c                __sinit_lock_acquire
                0x00006460                __sinit_lock_release
                0x00006464                __sinit
                0x00006518                __fp_unlock_all
                0x00006530                __fp_lock_all
                0x00006548                _cleanup_r
                0x00006554                _cleanup
                0x00006564                __sfmoreglue
                0x000065cc                __sfp
 .text          0x000066bc      0x440 c:/altera/12.0/nios2eds/bin/gnu/h-i686-mingw32/bin/../lib/gcc/nios2-elf/4.1.2/../../../../nios2-elf/lib\libc.a(lib_a-freer.o)
                0x000066bc                _malloc_trim_r
                0x000067e8                _free_r
 .text          0x00006afc      0x49c c:/altera/12.0/nios2eds/bin/gnu/h-i686-mingw32/bin/../lib/gcc/nios2-elf/4.1.2/../../../../nios2-elf/lib\libc.a(lib_a-fvwrite.o)
                0x00006afc                __sfvwrite_r
 .text          0x00006f98      0x180 c:/altera/12.0/nios2eds/bin/gnu/h-i686-mingw32/bin/../lib/gcc/nios2-elf/4.1.2/../../../../nios2-elf/lib\libc.a(lib_a-fwalk.o)
                0x00006f98                _fwalk_reent
                0x00007060                _fwalk
 .text          0x00007118        0x0 c:/altera/12.0/nios2eds/bin/gnu/h-i686-mingw32/bin/../lib/gcc/nios2-elf/4.1.2/../../../../nios2-elf/lib\libc.a(lib_a-int_errno.o)
 .text          0x00007118       0xc4 c:/altera/12.0/nios2eds/bin/gnu/h-i686-mingw32/bin/../lib/gcc/nios2-elf/4.1.2/../../../../nios2-elf/lib\libc.a(lib_a-locale.o)
                0x00007118                __locale_charset
                0x00007120                _localeconv_r
                0x0000712c                localeconv
                0x0000713c                _setlocale_r
                0x000071c0                setlocale
 .text          0x000071dc      0x194 c:/altera/12.0/nios2eds/bin/gnu/h-i686-mingw32/bin/../lib/gcc/nios2-elf/4.1.2/../../../../nios2-elf/lib\libc.a(lib_a-makebuf.o)
                0x000071dc                __smakebuf_r
 .text          0x00007370       0xe4 c:/altera/12.0/nios2eds/bin/gnu/h-i686-mingw32/bin/../lib/gcc/nios2-elf/4.1.2/../../../../nios2-elf/lib\libc.a(lib_a-memchr.o)
                0x00007370                memchr
 .text          0x00007454       0xa0 c:/altera/12.0/nios2eds/bin/gnu/h-i686-mingw32/bin/../lib/gcc/nios2-elf/4.1.2/../../../../nios2-elf/lib\libc.a(lib_a-memcpy.o)
                0x00007454                memcpy
 .text          0x000074f4       0xe0 c:/altera/12.0/nios2eds/bin/gnu/h-i686-mingw32/bin/../lib/gcc/nios2-elf/4.1.2/../../../../nios2-elf/lib\libc.a(lib_a-memmove.o)
                0x000074f4                memmove
 .text          0x000075d4       0x98 c:/altera/12.0/nios2eds/bin/gnu/h-i686-mingw32/bin/../lib/gcc/nios2-elf/4.1.2/../../../../nios2-elf/lib\libc.a(lib_a-memset.o)
                0x000075d4                memset
 .text          0x0000766c      0xff4 c:/altera/12.0/nios2eds/bin/gnu/h-i686-mingw32/bin/../lib/gcc/nios2-elf/4.1.2/../../../../nios2-elf/lib\libc.a(lib_a-mprec.o)
                0x0000766c                _Bfree
                0x00007694                __hi0bits
                0x00007704                __lo0bits
                0x000077c8                __mcmp
                0x00007828                __ulp
                0x000078a8                __b2d
                0x000079c8                __ratio
                0x00007a78                _mprec_log10
                0x00007b0c                __copybits
                0x00007b64                __any_on
                0x00007bec                _Balloc
                0x00007ca8                __d2b
                0x00007e24                __mdiff
                0x00007fb0                __lshift
                0x000080fc                __multiply
                0x000082e4                __i2b
                0x00008320                __multadd
                0x00008420                __pow5mult
                0x00008540                __s2b
 .text          0x00008660      0x5f4 c:/altera/12.0/nios2eds/bin/gnu/h-i686-mingw32/bin/../lib/gcc/nios2-elf/4.1.2/../../../../nios2-elf/lib\libc.a(lib_a-reallocr.o)
                0x00008660                _realloc_r
 .text          0x00008c54       0x40 c:/altera/12.0/nios2eds/bin/gnu/h-i686-mingw32/bin/../lib/gcc/nios2-elf/4.1.2/../../../../nios2-elf/lib\libc.a(lib_a-s_isinfd.o)
                0x00008c54                __isinfd
 .text          0x00008c94       0x30 c:/altera/12.0/nios2eds/bin/gnu/h-i686-mingw32/bin/../lib/gcc/nios2-elf/4.1.2/../../../../nios2-elf/lib\libc.a(lib_a-s_isnand.o)
                0x00008c94                __isnand
 .text          0x00008cc4      0x14c c:/altera/12.0/nios2eds/bin/gnu/h-i686-mingw32/bin/../lib/gcc/nios2-elf/4.1.2/../../../../nios2-elf/lib\libc.a(lib_a-stdio.o)
                0x00008cc4                __sclose
                0x00008ccc                __sseek
                0x00008d34                __swrite
                0x00008db0                __sread
 .text          0x00008e10       0xbc c:/altera/12.0/nios2eds/bin/gnu/h-i686-mingw32/bin/../lib/gcc/nios2-elf/4.1.2/../../../../nios2-elf/lib\libc.a(lib_a-strcmp.o)
                0x00008e10                strcmp
 .text          0x00008ecc       0x78 c:/altera/12.0/nios2eds/bin/gnu/h-i686-mingw32/bin/../lib/gcc/nios2-elf/4.1.2/../../../../nios2-elf/lib\libc.a(lib_a-writer.o)
                0x00008ecc                _write_r
 .text          0x00008f44       0xb4 c:/altera/12.0/nios2eds/bin/gnu/h-i686-mingw32/bin/../lib/gcc/nios2-elf/4.1.2/../../../../nios2-elf/lib\libc.a(lib_a-callocr.o)
                0x00008f44                _calloc_r
 .text          0x00008ff8       0x70 c:/altera/12.0/nios2eds/bin/gnu/h-i686-mingw32/bin/../lib/gcc/nios2-elf/4.1.2/../../../../nios2-elf/lib\libc.a(lib_a-closer.o)
                0x00008ff8                _close_r
 .text          0x00009068      0x124 c:/altera/12.0/nios2eds/bin/gnu/h-i686-mingw32/bin/../lib/gcc/nios2-elf/4.1.2/../../../../nios2-elf/lib\libc.a(lib_a-fclose.o)
                0x00009068                _fclose_r
                0x00009178                fclose
 .text          0x0000918c       0x74 c:/altera/12.0/nios2eds/bin/gnu/h-i686-mingw32/bin/../lib/gcc/nios2-elf/4.1.2/../../../../nios2-elf/lib\libc.a(lib_a-fstatr.o)
                0x0000918c                _fstat_r
 .text          0x00009200       0x70 c:/altera/12.0/nios2eds/bin/gnu/h-i686-mingw32/bin/../lib/gcc/nios2-elf/4.1.2/../../../../nios2-elf/lib\libc.a(lib_a-isattyr.o)
                0x00009200                _isatty_r
 .text          0x00009270       0x78 c:/altera/12.0/nios2eds/bin/gnu/h-i686-mingw32/bin/../lib/gcc/nios2-elf/4.1.2/../../../../nios2-elf/lib\libc.a(lib_a-lseekr.o)
                0x00009270                _lseek_r
 .text          0x000092e8       0x78 c:/altera/12.0/nios2eds/bin/gnu/h-i686-mingw32/bin/../lib/gcc/nios2-elf/4.1.2/../../../../nios2-elf/lib\libc.a(lib_a-readr.o)
                0x000092e8                _read_r
 .text          0x00009360      0x5dc c:/altera/12.0/nios2eds/bin/gnu/h-i686-mingw32/bin/../lib/gcc/nios2-elf/4.1.2\libgcc.a(_udivdi3.o)
                0x00009360                __udivdi3
 .text          0x0000993c      0x5b0 c:/altera/12.0/nios2eds/bin/gnu/h-i686-mingw32/bin/../lib/gcc/nios2-elf/4.1.2\libgcc.a(_umoddi3.o)
                0x0000993c                __umoddi3
 .text          0x00009eec      0x504 c:/altera/12.0/nios2eds/bin/gnu/h-i686-mingw32/bin/../lib/gcc/nios2-elf/4.1.2\libgcc.a(_addsub_df.o)
                0x0000a2fc                __subdf3
                0x0000a37c                __adddf3
 .text          0x0000a3f0      0x3c4 c:/altera/12.0/nios2eds/bin/gnu/h-i686-mingw32/bin/../lib/gcc/nios2-elf/4.1.2\libgcc.a(_mul_df.o)
                0x0000a3f0                __muldf3
 .text          0x0000a7b4      0x258 c:/altera/12.0/nios2eds/bin/gnu/h-i686-mingw32/bin/../lib/gcc/nios2-elf/4.1.2\libgcc.a(_div_df.o)
                0x0000a7b4                __divdf3
 .text          0x0000aa0c       0x88 c:/altera/12.0/nios2eds/bin/gnu/h-i686-mingw32/bin/../lib/gcc/nios2-elf/4.1.2\libgcc.a(_eq_df.o)
                0x0000aa0c                __eqdf2
 .text          0x0000aa94       0x88 c:/altera/12.0/nios2eds/bin/gnu/h-i686-mingw32/bin/../lib/gcc/nios2-elf/4.1.2\libgcc.a(_ne_df.o)
                0x0000aa94                __nedf2
 .text          0x0000ab1c       0x88 c:/altera/12.0/nios2eds/bin/gnu/h-i686-mingw32/bin/../lib/gcc/nios2-elf/4.1.2\libgcc.a(_gt_df.o)
                0x0000ab1c                __gtdf2
 .text          0x0000aba4       0x88 c:/altera/12.0/nios2eds/bin/gnu/h-i686-mingw32/bin/../lib/gcc/nios2-elf/4.1.2\libgcc.a(_ge_df.o)
                0x0000aba4                __gedf2
 .text          0x0000ac2c       0x88 c:/altera/12.0/nios2eds/bin/gnu/h-i686-mingw32/bin/../lib/gcc/nios2-elf/4.1.2\libgcc.a(_lt_df.o)
                0x0000ac2c                __ltdf2
 .text          0x0000acb4       0xf8 c:/altera/12.0/nios2eds/bin/gnu/h-i686-mingw32/bin/../lib/gcc/nios2-elf/4.1.2\libgcc.a(_si_to_df.o)
                0x0000acb4                __floatsidf
 .text          0x0000adac       0xd8 c:/altera/12.0/nios2eds/bin/gnu/h-i686-mingw32/bin/../lib/gcc/nios2-elf/4.1.2\libgcc.a(_df_to_si.o)
                0x0000adac                __fixdfsi
 .text          0x0000ae84        0x0 c:/altera/12.0/nios2eds/bin/gnu/h-i686-mingw32/bin/../lib/gcc/nios2-elf/4.1.2\libgcc.a(_thenan_df.o)
 .text          0x0000ae84      0x194 c:/altera/12.0/nios2eds/bin/gnu/h-i686-mingw32/bin/../lib/gcc/nios2-elf/4.1.2\libgcc.a(_usi_to_df.o)
                0x0000ae84                __floatunsidf
 .text          0x0000b018       0x98 c:/altera/12.0/nios2eds/bin/gnu/h-i686-mingw32/bin/../lib/gcc/nios2-elf/4.1.2\libgcc.a(_muldi3.o)
                0x0000b018                __muldi3
 .text          0x0000b0b0        0x0 c:/altera/12.0/nios2eds/bin/gnu/h-i686-mingw32/bin/../lib/gcc/nios2-elf/4.1.2\libgcc.a(_clz.o)
 .text          0x0000b0b0       0x80 c:/altera/12.0/nios2eds/bin/gnu/h-i686-mingw32/bin/../lib/gcc/nios2-elf/4.1.2\libgcc.a(_clzsi2.o)
                0x0000b0b0                __clzsi2
 .text          0x0000b130      0x314 c:/altera/12.0/nios2eds/bin/gnu/h-i686-mingw32/bin/../lib/gcc/nios2-elf/4.1.2\libgcc.a(_pack_df.o)
                0x0000b130                __pack_d
 .text          0x0000b444      0x138 c:/altera/12.0/nios2eds/bin/gnu/h-i686-mingw32/bin/../lib/gcc/nios2-elf/4.1.2\libgcc.a(_unpack_df.o)
                0x0000b444                __unpack_d
 .text          0x0000b57c       0xc8 c:/altera/12.0/nios2eds/bin/gnu/h-i686-mingw32/bin/../lib/gcc/nios2-elf/4.1.2\libgcc.a(_fpcmp_parts_df.o)
                0x0000b57c                __fpcmp_parts_d
 .text          0x0000b644      0x15c ../kernel_bsp/\libhal_bsp.a(alt_close.o)
                0x0000b644                close
 .text          0x0000b7a0       0x2c ../kernel_bsp/\libhal_bsp.a(alt_dev.o)
 .text          0x0000b7cc        0x0 ../kernel_bsp/\libhal_bsp.a(alt_errno.o)
 .text          0x0000b7cc       0x60 ../kernel_bsp/\libhal_bsp.a(alt_exit.o)
                0x0000b80c                _exit
 .text          0x0000b82c      0x134 ../kernel_bsp/\libhal_bsp.a(alt_fstat.o)
                0x0000b82c                fstat
 .text          0x0000b960      0x1c0 ../kernel_bsp/\libhal_bsp.a(alt_irq_register.o)
                0x0000b960                alt_irq_register
 .text          0x0000bb20        0x0 ../kernel_bsp/\libhal_bsp.a(alt_irq_vars.o)
 .text          0x0000bb20      0x120 ../kernel_bsp/\libhal_bsp.a(alt_isatty.o)
                0x0000bb20                isatty
 .text          0x0000bc40       0xec ../kernel_bsp/\libhal_bsp.a(alt_load.o)
                0x0000bc40                alt_load
 .text          0x0000bd2c      0x150 ../kernel_bsp/\libhal_bsp.a(alt_lseek.o)
                0x0000bd2c                lseek
 .text          0x0000be7c       0x6c ../kernel_bsp/\libhal_bsp.a(alt_main.o)
                0x0000be7c                alt_main
 .text          0x0000bee8       0x40 ../kernel_bsp/\libhal_bsp.a(alt_malloc_lock.o)
                0x0000bee8                __malloc_lock
                0x0000bf08                __malloc_unlock
 .text          0x0000bf28      0x180 ../kernel_bsp/\libhal_bsp.a(alt_read.o)
                0x0000bf28                read
 .text          0x0000c0a8       0x60 ../kernel_bsp/\libhal_bsp.a(alt_release_fd.o)
                0x0000c0a8                alt_release_fd
 .text          0x0000c108       0xbc ../kernel_bsp/\libhal_bsp.a(alt_sbrk.o)
                0x0000c108                sbrk
 .text          0x0000c1c4      0x180 ../kernel_bsp/\libhal_bsp.a(alt_write.o)
                0x0000c1c4                write
 .text          0x0000c344       0xc8 ../kernel_bsp/\libhal_bsp.a(alt_sys_init.o)
                0x0000c344                alt_irq_init
                0x0000c378                alt_sys_init
 .text          0x0000c40c      0x148 ../kernel_bsp/\libhal_bsp.a(altera_avalon_jtag_uart_fd.o)
                0x0000c40c                altera_avalon_jtag_uart_read_fd
                0x0000c464                altera_avalon_jtag_uart_write_fd
                0x0000c4bc                altera_avalon_jtag_uart_close_fd
                0x0000c504                altera_avalon_jtag_uart_ioctl_fd
 .text          0x0000c554      0x40c ../kernel_bsp/\libhal_bsp.a(altera_avalon_jtag_uart_init.o)
                0x0000c554                altera_avalon_jtag_uart_init
                0x0000c8ec                altera_avalon_jtag_uart_close
 .text          0x0000c960       0xf4 ../kernel_bsp/\libhal_bsp.a(altera_avalon_jtag_uart_ioctl.o)
                0x0000c960                altera_avalon_jtag_uart_ioctl
 .text          0x0000ca54      0x224 ../kernel_bsp/\libhal_bsp.a(altera_avalon_jtag_uart_read.o)
                0x0000ca54                altera_avalon_jtag_uart_read
 .text          0x0000cc78      0x240 ../kernel_bsp/\libhal_bsp.a(altera_avalon_jtag_uart_write.o)
                0x0000cc78                altera_avalon_jtag_uart_write
 .text          0x0000ceb8      0x100 ../kernel_bsp/\libhal_bsp.a(altera_avalon_timer_sc.o)
                0x0000cf28                alt_avalon_timer_sc_init
 .text          0x0000cfb8      0x154 ../kernel_bsp/\libhal_bsp.a(alt_alarm_start.o)
                0x0000cfb8                alt_alarm_start
 .text          0x0000d10c       0x1c ../kernel_bsp/\libhal_bsp.a(alt_dcache_flush_all.o)
                0x0000d10c                alt_dcache_flush_all
 .text          0x0000d128      0x114 ../kernel_bsp/\libhal_bsp.a(alt_dev_llist_insert.o)
                0x0000d128                alt_dev_llist_insert
 .text          0x0000d23c       0x64 ../kernel_bsp/\libhal_bsp.a(alt_do_ctors.o)
                0x0000d23c                _do_ctors
 .text          0x0000d2a0       0x64 ../kernel_bsp/\libhal_bsp.a(alt_do_dtors.o)
                0x0000d2a0                _do_dtors
 .text          0x0000d304       0x30 ../kernel_bsp/\libhal_bsp.a(alt_icache_flush_all.o)
                0x0000d304                alt_icache_flush_all
 .text          0x0000d334      0x1d4 ../kernel_bsp/\libhal_bsp.a(alt_iic.o)
                0x0000d334                alt_ic_isr_register
                0x0000d384                alt_ic_irq_enable
                0x0000d420                alt_ic_irq_disable
                0x0000d4c0                alt_ic_irq_enabled
 .text          0x0000d508       0xf8 ../kernel_bsp/\libhal_bsp.a(alt_iic_isr_register.o)
                0x0000d508                alt_iic_isr_register
 .text          0x0000d600      0x13c ../kernel_bsp/\libhal_bsp.a(alt_io_redirect.o)
                0x0000d6c4                alt_io_redirect
 .text          0x0000d73c        0x0 ../kernel_bsp/\libhal_bsp.a(alt_irq_entry.o)
 .text          0x0000d73c        0x0 ../kernel_bsp/\libhal_bsp.a(alt_irq_handler.o)
 .text          0x0000d73c      0x2c4 ../kernel_bsp/\libhal_bsp.a(alt_open.o)
                0x0000d818                open
 .text          0x0000da00      0x1a4 ../kernel_bsp/\libhal_bsp.a(alt_tick.o)
                0x0000da00                alt_alarm_stop
                0x0000da98                alt_tick
 .text          0x0000dba4       0x20 ../kernel_bsp/\libhal_bsp.a(altera_nios2_qsys_irq.o)
                0x0000dba4                altera_nios2_qsys_irq_init
 .text          0x0000dbc4        0x0 ../kernel_bsp/\libhal_bsp.a(alt_exception_entry.o)
 .text          0x0000dbc4       0x94 ../kernel_bsp/\libhal_bsp.a(alt_find_dev.o)
                0x0000dbc4                alt_find_dev
 .text          0x0000dc58      0x120 ../kernel_bsp/\libhal_bsp.a(alt_find_file.o)
                0x0000dc58                alt_find_file
 .text          0x0000dd78       0xb8 ../kernel_bsp/\libhal_bsp.a(alt_get_fd.o)
                0x0000dd78                alt_get_fd
 .text          0x0000de30       0x90 ../kernel_bsp/\libhal_bsp.a(alt_icache_flush.o)
                0x0000de30                alt_icache_flush
 .text          0x0000dec0       0x14 c:/altera/12.0/nios2eds/bin/gnu/h-i686-mingw32/bin/../lib/gcc/nios2-elf/4.1.2/../../../../nios2-elf/lib\libc.a(lib_a-atexit.o)
                0x0000dec0                atexit
 .text          0x0000ded4       0x74 c:/altera/12.0/nios2eds/bin/gnu/h-i686-mingw32/bin/../lib/gcc/nios2-elf/4.1.2/../../../../nios2-elf/lib\libc.a(lib_a-memcmp.o)
                0x0000ded4                memcmp
 .text          0x0000df48      0x134 c:/altera/12.0/nios2eds/bin/gnu/h-i686-mingw32/bin/../lib/gcc/nios2-elf/4.1.2/../../../../nios2-elf/lib\libc.a(lib_a-__atexit.o)
                0x0000df48                __register_exitproc
 *(.gnu.warning.*)
 *(.fini)
                0x0000e07c                PROVIDE (__etext, ABSOLUTE (.))
                0x0000e07c                PROVIDE (_etext, ABSOLUTE (.))
                0x0000e07c                PROVIDE (etext, ABSOLUTE (.))
 *(.eh_frame_hdr)
                0x0000e07c                . = ALIGN (0x4)
                0x0000e07c                PROVIDE (__preinit_array_start, ABSOLUTE (.))
 *(.preinit_array)
                0x0000e07c                PROVIDE (__preinit_array_end, ABSOLUTE (.))
                0x0000e07c                PROVIDE (__init_array_start, ABSOLUTE (.))
 *(.init_array)
                0x0000e07c                PROVIDE (__init_array_end, ABSOLUTE (.))
                0x0000e07c                PROVIDE (__fini_array_start, ABSOLUTE (.))
 *(.fini_array)
                0x0000e07c                PROVIDE (__fini_array_end, ABSOLUTE (.))
 *(.eh_frame)
 .eh_frame      0x0000e07c       0x40 c:/altera/12.0/nios2eds/bin/gnu/h-i686-mingw32/bin/../lib/gcc/nios2-elf/4.1.2\libgcc.a(_udivdi3.o)
 .eh_frame      0x0000e0bc       0x2c c:/altera/12.0/nios2eds/bin/gnu/h-i686-mingw32/bin/../lib/gcc/nios2-elf/4.1.2\libgcc.a(_umoddi3.o)
                                 0x40 (size before relaxing)
 *(.gcc_except_table)
 *(.dynamic)
                0x0000e0e8                PROVIDE (__CTOR_LIST__, ABSOLUTE (.))
 *(.ctors)
 *(SORT(.ctors.*))
 .ctors.65535   0x0000e0e8        0x4 c:/altera/12.0/nios2eds/bin/gnu/h-i686-mingw32/bin/../lib/gcc/nios2-elf/4.1.2/../../../../nios2-elf/lib\libc.a(lib_a-__call_atexit.o)
                0x0000e0ec                PROVIDE (__CTOR_END__, ABSOLUTE (.))
                0x0000e0ec                PROVIDE (__DTOR_LIST__, ABSOLUTE (.))
 *(.dtors)
 *(SORT(.dtors.*))
                0x0000e0ec                PROVIDE (__DTOR_END__, ABSOLUTE (.))
 *(.jcr)
                0x0000e0ec                . = ALIGN (0x4)

.rodata         0x0000e0ec      0x5ec
                0x0000e0ec                PROVIDE (__ram_rodata_start, ABSOLUTE (.))
                0x0000e0ec                . = ALIGN (0x4)
 *(.rodata .rodata.* .gnu.linkonce.r.*)
 .rodata        0x0000e0ec      0x1e0 obj/default/kernel.o
 .rodata        0x0000e2cc       0xc8 obj/default/kernelTest1.o
 .rodata.str1.4
                0x0000e394        0x2 c:/altera/12.0/nios2eds/bin/gnu/h-i686-mingw32/bin/../lib/gcc/nios2-elf/4.1.2/../../../../nios2-elf/lib\libc.a(lib_a-impure.o)
                                  0x4 (size before relaxing)
 *fill*         0x0000e396        0x2 00
 .rodata.str1.4
                0x0000e398        0x2 c:/altera/12.0/nios2eds/bin/gnu/h-i686-mingw32/bin/../lib/gcc/nios2-elf/4.1.2/../../../../nios2-elf/lib\libc.a(lib_a-puts.o)
                                  0x4 (size before relaxing)
 *fill*         0x0000e39a        0x2 00
 .rodata.str1.4
                0x0000e39c       0x5e c:/altera/12.0/nios2eds/bin/gnu/h-i686-mingw32/bin/../lib/gcc/nios2-elf/4.1.2/../../../../nios2-elf/lib\libc.a(lib_a-vfprintf.o)
                                 0x60 (size before relaxing)
 .rodata        0x0000e3fa       0x20 c:/altera/12.0/nios2eds/bin/gnu/h-i686-mingw32/bin/../lib/gcc/nios2-elf/4.1.2/../../../../nios2-elf/lib\libc.a(lib_a-vfprintf.o)
 *fill*         0x0000e41a        0x2 00
 .rodata.str1.4
                0x0000e41c       0x10 c:/altera/12.0/nios2eds/bin/gnu/h-i686-mingw32/bin/../lib/gcc/nios2-elf/4.1.2/../../../../nios2-elf/lib\libc.a(lib_a-dtoa.o)
                                 0x14 (size before relaxing)
 .rodata.str1.4
                0x0000e42c       0x10 c:/altera/12.0/nios2eds/bin/gnu/h-i686-mingw32/bin/../lib/gcc/nios2-elf/4.1.2/../../../../nios2-elf/lib\libc.a(lib_a-locale.o)
                                 0x18 (size before relaxing)
 .rodata        0x0000e43c       0x30 c:/altera/12.0/nios2eds/bin/gnu/h-i686-mingw32/bin/../lib/gcc/nios2-elf/4.1.2/../../../../nios2-elf/lib\libc.a(lib_a-locale.o)
 .rodata        0x0000e46c      0x124 c:/altera/12.0/nios2eds/bin/gnu/h-i686-mingw32/bin/../lib/gcc/nios2-elf/4.1.2/../../../../nios2-elf/lib\libc.a(lib_a-mprec.o)
                0x0000e46c                __mprec_tens
                0x0000e534                __mprec_bigtens
                0x0000e55c                __mprec_tinytens
 .rodata        0x0000e590       0x14 c:/altera/12.0/nios2eds/bin/gnu/h-i686-mingw32/bin/../lib/gcc/nios2-elf/4.1.2\libgcc.a(_thenan_df.o)
                0x0000e590                __thenan_df
 .rodata        0x0000e5a4      0x100 c:/altera/12.0/nios2eds/bin/gnu/h-i686-mingw32/bin/../lib/gcc/nios2-elf/4.1.2\libgcc.a(_clz.o)
                0x0000e5a4                __clz_tab
 .rodata        0x0000e6a4        0xc ../kernel_bsp/\libhal_bsp.a(alt_dev.o)
 .rodata        0x0000e6b0       0x14 ../kernel_bsp/\libhal_bsp.a(alt_main.o)
 .rodata        0x0000e6c4       0x14 ../kernel_bsp/\libhal_bsp.a(alt_sys_init.o)
 *(.rodata1)
                0x0000e6d8                . = ALIGN (0x4)
                0x0000e6d8                PROVIDE (__ram_rodata_end, ABSOLUTE (.))
                0x0000e0ec                PROVIDE (__flash_rodata_start, LOADADDR (.rodata))

.rwdata         0x0000e6d8     0x1a98 load address 0x00010170
                0x0000e6d8                PROVIDE (__ram_rwdata_start, ABSOLUTE (.))
                0x0000e6d8                . = ALIGN (0x4)
 *(.got.plt)
 *(.got)
 *(.data1)
 *(.data .data.* .gnu.linkonce.d.*)
 .data          0x0000e6d8        0x0 ../kernel_bsp//obj/HAL/src/crt0.o
 .data          0x0000e6d8        0x0 obj/default/interrupt.o
 .data          0x0000e6d8        0x0 obj/default/kernel.o
 .data          0x0000e6d8       0x38 obj/default/kernelTest1.o
                0x0000e6d8                digitCodes
                0x0000e704                lcdZones
 .data          0x0000e710        0x0 obj/default/system_m.o
 .data          0x0000e710        0x0 obj/default/asm.o
 .data          0x0000e710        0x0 c:/altera/12.0/nios2eds/bin/gnu/h-i686-mingw32/bin/../lib/gcc/nios2-elf/4.1.2\libgcc.a(lib2-divmod.o)
 .data          0x0000e710        0x0 c:/altera/12.0/nios2eds/bin/gnu/h-i686-mingw32/bin/../lib/gcc/nios2-elf/4.1.2/../../../../nios2-elf/lib\libc.a(lib_a-exit.o)
 .data          0x0000e710      0x400 c:/altera/12.0/nios2eds/bin/gnu/h-i686-mingw32/bin/../lib/gcc/nios2-elf/4.1.2/../../../../nios2-elf/lib\libc.a(lib_a-impure.o)
 .data          0x0000eb10        0x0 c:/altera/12.0/nios2eds/bin/gnu/h-i686-mingw32/bin/../lib/gcc/nios2-elf/4.1.2/../../../../nios2-elf/lib\libc.a(lib_a-malloc.o)
 .data          0x0000eb10      0x408 c:/altera/12.0/nios2eds/bin/gnu/h-i686-mingw32/bin/../lib/gcc/nios2-elf/4.1.2/../../../../nios2-elf/lib\libc.a(lib_a-mallocr.o)
                0x0000eb10                __malloc_av_
 .data          0x0000ef18        0x0 c:/altera/12.0/nios2eds/bin/gnu/h-i686-mingw32/bin/../lib/gcc/nios2-elf/4.1.2/../../../../nios2-elf/lib\libc.a(lib_a-printf.o)
 .data          0x0000ef18        0x0 c:/altera/12.0/nios2eds/bin/gnu/h-i686-mingw32/bin/../lib/gcc/nios2-elf/4.1.2/../../../../nios2-elf/lib\libc.a(lib_a-puts.o)
 .data          0x0000ef18        0x0 c:/altera/12.0/nios2eds/bin/gnu/h-i686-mingw32/bin/../lib/gcc/nios2-elf/4.1.2/../../../../nios2-elf/lib\libc.a(lib_a-sbrkr.o)
 .data          0x0000ef18        0x0 c:/altera/12.0/nios2eds/bin/gnu/h-i686-mingw32/bin/../lib/gcc/nios2-elf/4.1.2/../../../../nios2-elf/lib\libc.a(lib_a-strlen.o)
 .data          0x0000ef18        0x0 c:/altera/12.0/nios2eds/bin/gnu/h-i686-mingw32/bin/../lib/gcc/nios2-elf/4.1.2/../../../../nios2-elf/lib\libc.a(lib_a-vfprintf.o)
 .data          0x0000ef18        0x0 c:/altera/12.0/nios2eds/bin/gnu/h-i686-mingw32/bin/../lib/gcc/nios2-elf/4.1.2/../../../../nios2-elf/lib\libc.a(lib_a-wsetup.o)
 .data          0x0000ef18        0x0 c:/altera/12.0/nios2eds/bin/gnu/h-i686-mingw32/bin/../lib/gcc/nios2-elf/4.1.2/../../../../nios2-elf/lib\libc.a(lib_a-__call_atexit.o)
 .data          0x0000ef18        0x0 c:/altera/12.0/nios2eds/bin/gnu/h-i686-mingw32/bin/../lib/gcc/nios2-elf/4.1.2/../../../../nios2-elf/lib\libc.a(lib_a-dtoa.o)
 .data          0x0000ef18        0x0 c:/altera/12.0/nios2eds/bin/gnu/h-i686-mingw32/bin/../lib/gcc/nios2-elf/4.1.2/../../../../nios2-elf/lib\libc.a(lib_a-fflush.o)
 .data          0x0000ef18        0x0 c:/altera/12.0/nios2eds/bin/gnu/h-i686-mingw32/bin/../lib/gcc/nios2-elf/4.1.2/../../../../nios2-elf/lib\libc.a(lib_a-findfp.o)
 .data          0x0000ef18        0x0 c:/altera/12.0/nios2eds/bin/gnu/h-i686-mingw32/bin/../lib/gcc/nios2-elf/4.1.2/../../../../nios2-elf/lib\libc.a(lib_a-freer.o)
 .data          0x0000ef18        0x0 c:/altera/12.0/nios2eds/bin/gnu/h-i686-mingw32/bin/../lib/gcc/nios2-elf/4.1.2/../../../../nios2-elf/lib\libc.a(lib_a-fvwrite.o)
 .data          0x0000ef18        0x0 c:/altera/12.0/nios2eds/bin/gnu/h-i686-mingw32/bin/../lib/gcc/nios2-elf/4.1.2/../../../../nios2-elf/lib\libc.a(lib_a-fwalk.o)
 .data          0x0000ef18        0x0 c:/altera/12.0/nios2eds/bin/gnu/h-i686-mingw32/bin/../lib/gcc/nios2-elf/4.1.2/../../../../nios2-elf/lib\libc.a(lib_a-int_errno.o)
 .data          0x0000ef18        0xc c:/altera/12.0/nios2eds/bin/gnu/h-i686-mingw32/bin/../lib/gcc/nios2-elf/4.1.2/../../../../nios2-elf/lib\libc.a(lib_a-locale.o)
                0x0000ef18                __lc_ctype
 .data          0x0000ef24        0x0 c:/altera/12.0/nios2eds/bin/gnu/h-i686-mingw32/bin/../lib/gcc/nios2-elf/4.1.2/../../../../nios2-elf/lib\libc.a(lib_a-makebuf.o)
 .data          0x0000ef24        0x0 c:/altera/12.0/nios2eds/bin/gnu/h-i686-mingw32/bin/../lib/gcc/nios2-elf/4.1.2/../../../../nios2-elf/lib\libc.a(lib_a-memchr.o)
 .data          0x0000ef24        0x0 c:/altera/12.0/nios2eds/bin/gnu/h-i686-mingw32/bin/../lib/gcc/nios2-elf/4.1.2/../../../../nios2-elf/lib\libc.a(lib_a-memcpy.o)
 .data          0x0000ef24        0x0 c:/altera/12.0/nios2eds/bin/gnu/h-i686-mingw32/bin/../lib/gcc/nios2-elf/4.1.2/../../../../nios2-elf/lib\libc.a(lib_a-memmove.o)
 .data          0x0000ef24        0x0 c:/altera/12.0/nios2eds/bin/gnu/h-i686-mingw32/bin/../lib/gcc/nios2-elf/4.1.2/../../../../nios2-elf/lib\libc.a(lib_a-memset.o)
 .data          0x0000ef24        0x0 c:/altera/12.0/nios2eds/bin/gnu/h-i686-mingw32/bin/../lib/gcc/nios2-elf/4.1.2/../../../../nios2-elf/lib\libc.a(lib_a-mprec.o)
 .data          0x0000ef24        0x0 c:/altera/12.0/nios2eds/bin/gnu/h-i686-mingw32/bin/../lib/gcc/nios2-elf/4.1.2/../../../../nios2-elf/lib\libc.a(lib_a-reallocr.o)
 .data          0x0000ef24        0x0 c:/altera/12.0/nios2eds/bin/gnu/h-i686-mingw32/bin/../lib/gcc/nios2-elf/4.1.2/../../../../nios2-elf/lib\libc.a(lib_a-s_isinfd.o)
 .data          0x0000ef24        0x0 c:/altera/12.0/nios2eds/bin/gnu/h-i686-mingw32/bin/../lib/gcc/nios2-elf/4.1.2/../../../../nios2-elf/lib\libc.a(lib_a-s_isnand.o)
 .data          0x0000ef24        0x0 c:/altera/12.0/nios2eds/bin/gnu/h-i686-mingw32/bin/../lib/gcc/nios2-elf/4.1.2/../../../../nios2-elf/lib\libc.a(lib_a-stdio.o)
 .data          0x0000ef24        0x0 c:/altera/12.0/nios2eds/bin/gnu/h-i686-mingw32/bin/../lib/gcc/nios2-elf/4.1.2/../../../../nios2-elf/lib\libc.a(lib_a-strcmp.o)
 .data          0x0000ef24        0x0 c:/altera/12.0/nios2eds/bin/gnu/h-i686-mingw32/bin/../lib/gcc/nios2-elf/4.1.2/../../../../nios2-elf/lib\libc.a(lib_a-writer.o)
 .data          0x0000ef24        0x0 c:/altera/12.0/nios2eds/bin/gnu/h-i686-mingw32/bin/../lib/gcc/nios2-elf/4.1.2/../../../../nios2-elf/lib\libc.a(lib_a-callocr.o)
 .data          0x0000ef24        0x0 c:/altera/12.0/nios2eds/bin/gnu/h-i686-mingw32/bin/../lib/gcc/nios2-elf/4.1.2/../../../../nios2-elf/lib\libc.a(lib_a-closer.o)
 .data          0x0000ef24        0x0 c:/altera/12.0/nios2eds/bin/gnu/h-i686-mingw32/bin/../lib/gcc/nios2-elf/4.1.2/../../../../nios2-elf/lib\libc.a(lib_a-fclose.o)
 .data          0x0000ef24        0x0 c:/altera/12.0/nios2eds/bin/gnu/h-i686-mingw32/bin/../lib/gcc/nios2-elf/4.1.2/../../../../nios2-elf/lib\libc.a(lib_a-fstatr.o)
 .data          0x0000ef24        0x0 c:/altera/12.0/nios2eds/bin/gnu/h-i686-mingw32/bin/../lib/gcc/nios2-elf/4.1.2/../../../../nios2-elf/lib\libc.a(lib_a-isattyr.o)
 .data          0x0000ef24        0x0 c:/altera/12.0/nios2eds/bin/gnu/h-i686-mingw32/bin/../lib/gcc/nios2-elf/4.1.2/../../../../nios2-elf/lib\libc.a(lib_a-lseekr.o)
 .data          0x0000ef24        0x0 c:/altera/12.0/nios2eds/bin/gnu/h-i686-mingw32/bin/../lib/gcc/nios2-elf/4.1.2/../../../../nios2-elf/lib\libc.a(lib_a-readr.o)
 .data          0x0000ef24        0x0 c:/altera/12.0/nios2eds/bin/gnu/h-i686-mingw32/bin/../lib/gcc/nios2-elf/4.1.2\libgcc.a(_udivdi3.o)
 .data          0x0000ef24        0x0 c:/altera/12.0/nios2eds/bin/gnu/h-i686-mingw32/bin/../lib/gcc/nios2-elf/4.1.2\libgcc.a(_umoddi3.o)
 .data          0x0000ef24        0x0 c:/altera/12.0/nios2eds/bin/gnu/h-i686-mingw32/bin/../lib/gcc/nios2-elf/4.1.2\libgcc.a(_addsub_df.o)
 .data          0x0000ef24        0x0 c:/altera/12.0/nios2eds/bin/gnu/h-i686-mingw32/bin/../lib/gcc/nios2-elf/4.1.2\libgcc.a(_mul_df.o)
 .data          0x0000ef24        0x0 c:/altera/12.0/nios2eds/bin/gnu/h-i686-mingw32/bin/../lib/gcc/nios2-elf/4.1.2\libgcc.a(_div_df.o)
 .data          0x0000ef24        0x0 c:/altera/12.0/nios2eds/bin/gnu/h-i686-mingw32/bin/../lib/gcc/nios2-elf/4.1.2\libgcc.a(_eq_df.o)
 .data          0x0000ef24        0x0 c:/altera/12.0/nios2eds/bin/gnu/h-i686-mingw32/bin/../lib/gcc/nios2-elf/4.1.2\libgcc.a(_ne_df.o)
 .data          0x0000ef24        0x0 c:/altera/12.0/nios2eds/bin/gnu/h-i686-mingw32/bin/../lib/gcc/nios2-elf/4.1.2\libgcc.a(_gt_df.o)
 .data          0x0000ef24        0x0 c:/altera/12.0/nios2eds/bin/gnu/h-i686-mingw32/bin/../lib/gcc/nios2-elf/4.1.2\libgcc.a(_ge_df.o)
 .data          0x0000ef24        0x0 c:/altera/12.0/nios2eds/bin/gnu/h-i686-mingw32/bin/../lib/gcc/nios2-elf/4.1.2\libgcc.a(_lt_df.o)
 .data          0x0000ef24        0x0 c:/altera/12.0/nios2eds/bin/gnu/h-i686-mingw32/bin/../lib/gcc/nios2-elf/4.1.2\libgcc.a(_si_to_df.o)
 .data          0x0000ef24        0x0 c:/altera/12.0/nios2eds/bin/gnu/h-i686-mingw32/bin/../lib/gcc/nios2-elf/4.1.2\libgcc.a(_df_to_si.o)
 .data          0x0000ef24        0x0 c:/altera/12.0/nios2eds/bin/gnu/h-i686-mingw32/bin/../lib/gcc/nios2-elf/4.1.2\libgcc.a(_thenan_df.o)
 .data          0x0000ef24        0x0 c:/altera/12.0/nios2eds/bin/gnu/h-i686-mingw32/bin/../lib/gcc/nios2-elf/4.1.2\libgcc.a(_usi_to_df.o)
 .data          0x0000ef24        0x0 c:/altera/12.0/nios2eds/bin/gnu/h-i686-mingw32/bin/../lib/gcc/nios2-elf/4.1.2\libgcc.a(_muldi3.o)
 .data          0x0000ef24        0x0 c:/altera/12.0/nios2eds/bin/gnu/h-i686-mingw32/bin/../lib/gcc/nios2-elf/4.1.2\libgcc.a(_clz.o)
 .data          0x0000ef24        0x0 c:/altera/12.0/nios2eds/bin/gnu/h-i686-mingw32/bin/../lib/gcc/nios2-elf/4.1.2\libgcc.a(_clzsi2.o)
 .data          0x0000ef24        0x0 c:/altera/12.0/nios2eds/bin/gnu/h-i686-mingw32/bin/../lib/gcc/nios2-elf/4.1.2\libgcc.a(_pack_df.o)
 .data          0x0000ef24        0x0 c:/altera/12.0/nios2eds/bin/gnu/h-i686-mingw32/bin/../lib/gcc/nios2-elf/4.1.2\libgcc.a(_unpack_df.o)
 .data          0x0000ef24        0x0 c:/altera/12.0/nios2eds/bin/gnu/h-i686-mingw32/bin/../lib/gcc/nios2-elf/4.1.2\libgcc.a(_fpcmp_parts_df.o)
 .data          0x0000ef24        0x0 ../kernel_bsp/\libhal_bsp.a(alt_close.o)
 .data          0x0000ef24      0x1a8 ../kernel_bsp/\libhal_bsp.a(alt_dev.o)
                0x0000ef24                alt_dev_null
                0x0000ef4c                alt_fd_list
 .data          0x0000f0cc        0x0 ../kernel_bsp/\libhal_bsp.a(alt_errno.o)
 .data          0x0000f0cc        0x0 ../kernel_bsp/\libhal_bsp.a(alt_exit.o)
 .data          0x0000f0cc        0x0 ../kernel_bsp/\libhal_bsp.a(alt_fstat.o)
 .data          0x0000f0cc        0x0 ../kernel_bsp/\libhal_bsp.a(alt_irq_register.o)
 .data          0x0000f0cc        0x0 ../kernel_bsp/\libhal_bsp.a(alt_irq_vars.o)
 .data          0x0000f0cc        0x0 ../kernel_bsp/\libhal_bsp.a(alt_isatty.o)
 .data          0x0000f0cc        0x0 ../kernel_bsp/\libhal_bsp.a(alt_load.o)
 .data          0x0000f0cc        0x0 ../kernel_bsp/\libhal_bsp.a(alt_lseek.o)
 .data          0x0000f0cc        0x0 ../kernel_bsp/\libhal_bsp.a(alt_main.o)
 .data          0x0000f0cc        0x0 ../kernel_bsp/\libhal_bsp.a(alt_malloc_lock.o)
 .data          0x0000f0cc        0x0 ../kernel_bsp/\libhal_bsp.a(alt_read.o)
 .data          0x0000f0cc        0x0 ../kernel_bsp/\libhal_bsp.a(alt_release_fd.o)
 .data          0x0000f0cc        0x0 ../kernel_bsp/\libhal_bsp.a(alt_sbrk.o)
 .data          0x0000f0cc        0x0 ../kernel_bsp/\libhal_bsp.a(alt_write.o)
 .data          0x0000f0cc     0x1060 ../kernel_bsp/\libhal_bsp.a(alt_sys_init.o)
 .data          0x0001012c        0x0 ../kernel_bsp/\libhal_bsp.a(altera_avalon_jtag_uart_fd.o)
 .data          0x0001012c        0x0 ../kernel_bsp/\libhal_bsp.a(altera_avalon_jtag_uart_init.o)
 .data          0x0001012c        0x0 ../kernel_bsp/\libhal_bsp.a(altera_avalon_jtag_uart_ioctl.o)
 .data          0x0001012c        0x0 ../kernel_bsp/\libhal_bsp.a(altera_avalon_jtag_uart_read.o)
 .data          0x0001012c        0x0 ../kernel_bsp/\libhal_bsp.a(altera_avalon_jtag_uart_write.o)
 .data          0x0001012c        0x0 ../kernel_bsp/\libhal_bsp.a(altera_avalon_timer_sc.o)
 .data          0x0001012c        0x0 ../kernel_bsp/\libhal_bsp.a(alt_alarm_start.o)
 .data          0x0001012c        0x0 ../kernel_bsp/\libhal_bsp.a(alt_dcache_flush_all.o)
 .data          0x0001012c        0x0 ../kernel_bsp/\libhal_bsp.a(alt_dev_llist_insert.o)
 .data          0x0001012c        0x0 ../kernel_bsp/\libhal_bsp.a(alt_do_ctors.o)
 .data          0x0001012c        0x0 ../kernel_bsp/\libhal_bsp.a(alt_do_dtors.o)
 .data          0x0001012c        0x0 ../kernel_bsp/\libhal_bsp.a(alt_icache_flush_all.o)
 .data          0x0001012c        0x0 ../kernel_bsp/\libhal_bsp.a(alt_iic.o)
 .data          0x0001012c        0x0 ../kernel_bsp/\libhal_bsp.a(alt_iic_isr_register.o)
 .data          0x0001012c        0x0 ../kernel_bsp/\libhal_bsp.a(alt_io_redirect.o)
 .data          0x0001012c        0x0 ../kernel_bsp/\libhal_bsp.a(alt_irq_entry.o)
 .data          0x0001012c        0x0 ../kernel_bsp/\libhal_bsp.a(alt_irq_handler.o)
 .data          0x0001012c        0x0 ../kernel_bsp/\libhal_bsp.a(alt_open.o)
 .data          0x0001012c        0x0 ../kernel_bsp/\libhal_bsp.a(alt_tick.o)
 .data          0x0001012c        0x0 ../kernel_bsp/\libhal_bsp.a(altera_nios2_qsys_irq.o)
 .data          0x0001012c        0x0 ../kernel_bsp/\libhal_bsp.a(alt_exception_entry.o)
 .data          0x0001012c        0x0 ../kernel_bsp/\libhal_bsp.a(alt_find_dev.o)
 .data          0x0001012c        0x0 ../kernel_bsp/\libhal_bsp.a(alt_find_file.o)
 .data          0x0001012c        0x0 ../kernel_bsp/\libhal_bsp.a(alt_get_fd.o)
 .data          0x0001012c        0x0 ../kernel_bsp/\libhal_bsp.a(alt_icache_flush.o)
 .data          0x0001012c        0x0 c:/altera/12.0/nios2eds/bin/gnu/h-i686-mingw32/bin/../lib/gcc/nios2-elf/4.1.2/../../../../nios2-elf/lib\libc.a(lib_a-atexit.o)
 .data          0x0001012c        0x0 c:/altera/12.0/nios2eds/bin/gnu/h-i686-mingw32/bin/../lib/gcc/nios2-elf/4.1.2/../../../../nios2-elf/lib\libc.a(lib_a-memcmp.o)
 .data          0x0001012c        0x0 c:/altera/12.0/nios2eds/bin/gnu/h-i686-mingw32/bin/../lib/gcc/nios2-elf/4.1.2/../../../../nios2-elf/lib\libc.a(lib_a-__atexit.o)
                0x0001812c                _gp = ABSOLUTE ((. + 0x8000))
                0x0001812c                PROVIDE (gp, _gp)
 *(.rwdata .rwdata.*)
 *(.sdata .sdata.* .gnu.linkonce.s.*)
 .sdata         0x0001012c        0x4 obj/default/kernel.o
                0x0001012c                readyList
 .sdata         0x00010130        0x8 c:/altera/12.0/nios2eds/bin/gnu/h-i686-mingw32/bin/../lib/gcc/nios2-elf/4.1.2/../../../../nios2-elf/lib\libc.a(lib_a-impure.o)
                0x00010130                _impure_ptr
                0x00010134                _global_impure_ptr
 .sdata         0x00010138        0x8 c:/altera/12.0/nios2eds/bin/gnu/h-i686-mingw32/bin/../lib/gcc/nios2-elf/4.1.2/../../../../nios2-elf/lib\libc.a(lib_a-mallocr.o)
                0x00010138                __malloc_trim_threshold
                0x0001013c                __malloc_sbrk_base
 .sdata         0x00010140        0x8 c:/altera/12.0/nios2eds/bin/gnu/h-i686-mingw32/bin/../lib/gcc/nios2-elf/4.1.2/../../../../nios2-elf/lib\libc.a(lib_a-locale.o)
                0x00010140                __mb_cur_max
 .sdata         0x00010148       0x14 ../kernel_bsp/\libhal_bsp.a(alt_dev.o)
                0x00010148                alt_fs_list
                0x00010150                alt_dev_list
                0x00010158                alt_max_fd
 .sdata         0x0001015c        0x4 ../kernel_bsp/\libhal_bsp.a(alt_errno.o)
                0x0001015c                alt_errno
 .sdata         0x00010160        0x4 ../kernel_bsp/\libhal_bsp.a(alt_irq_vars.o)
                0x00010160                alt_priority_mask
 .sdata         0x00010164        0x4 ../kernel_bsp/\libhal_bsp.a(alt_sbrk.o)
 .sdata         0x00010168        0x8 ../kernel_bsp/\libhal_bsp.a(alt_tick.o)
                0x00010168                alt_alarm_list
 *(.sdata2 .sdata2.* .gnu.linkonce.s2.*)
                0x00010170                . = ALIGN (0x4)
                0x00010170                _edata = ABSOLUTE (.)
                0x00010170                PROVIDE (edata, ABSOLUTE (.))
                0x00010170                PROVIDE (__ram_rwdata_end, ABSOLUTE (.))
                0x00010170                PROVIDE (__flash_rwdata_start, LOADADDR (.rwdata))

.bss            0x00011c08      0x5b8
                0x00011c08                __bss_start = ABSOLUTE (.)
                0x00011c08                PROVIDE (__sbss_start, ABSOLUTE (.))
                0x00011c08                PROVIDE (___sbss_start, ABSOLUTE (.))
 *(.dynsbss)
 *(.sbss .sbss.* .gnu.linkonce.sb.*)
 .sbss          0x00011c08       0x10 obj/default/interrupt.o
                0x00011c08                interruptVector
                0x00011c10                edge_capture
                0x00011c14                timer_capture
 .sbss          0x00011c18        0x8 obj/default/kernel.o
                0x00011c18                nextProcessId
                0x00011c1c                nextMonitorId
 .sbss          0x00011c20        0x8 obj/default/kernelTest1.o
                0x00011c20                dummyMonitor1
                0x00011c24                dummyMonitor2
 .sbss          0x00011c28        0x8 obj/default/system_m.o
                0x00011c28                running
                0x00011c2c                nextP
 .sbss          0x00011c30        0xc c:/altera/12.0/nios2eds/bin/gnu/h-i686-mingw32/bin/../lib/gcc/nios2-elf/4.1.2/../../../../nios2-elf/lib\libc.a(lib_a-mallocr.o)
                0x00011c30                __malloc_top_pad
                0x00011c34                __malloc_max_sbrked_mem
                0x00011c38                __malloc_max_total_mem
 .sbss          0x00011c3c        0x4 c:/altera/12.0/nios2eds/bin/gnu/h-i686-mingw32/bin/../lib/gcc/nios2-elf/4.1.2/../../../../nios2-elf/lib\libc.a(lib_a-int_errno.o)
                0x00011c3c                errno
 .sbss          0x00011c40        0xc c:/altera/12.0/nios2eds/bin/gnu/h-i686-mingw32/bin/../lib/gcc/nios2-elf/4.1.2/../../../../nios2-elf/lib\libc.a(lib_a-locale.o)
                0x00011c40                __nlocale_changed
                0x00011c44                __mlocale_changed
                0x00011c48                _PathLocale
 .sbss          0x00011c4c        0x4 ../kernel_bsp/\libhal_bsp.a(alt_irq_vars.o)
                0x00011c4c                alt_irq_active
 .sbss          0x00011c50        0xc ../kernel_bsp/\libhal_bsp.a(alt_main.o)
                0x00011c50                alt_argc
                0x00011c54                alt_argv
                0x00011c58                alt_envp
 .sbss          0x00011c5c        0x8 ../kernel_bsp/\libhal_bsp.a(alt_tick.o)
                0x00011c5c                _alt_tick_rate
                0x00011c60                _alt_nticks
 *(.sbss2 .sbss2.* .gnu.linkonce.sb2.*)
 *(.scommon)
                0x00011c64                PROVIDE (__sbss_end, ABSOLUTE (.))
                0x00011c64                PROVIDE (___sbss_end, ABSOLUTE (.))
 *(.dynbss)
 *(.bss .bss.* .gnu.linkonce.b.*)
 .bss           0x00011c64        0x0 ../kernel_bsp//obj/HAL/src/crt0.o
 .bss           0x00011c64        0x0 obj/default/interrupt.o
 .bss           0x00011c64        0x0 obj/default/kernel.o
 .bss           0x00011c64        0x0 obj/default/kernelTest1.o
 .bss           0x00011c64        0x0 obj/default/system_m.o
 .bss           0x00011c64        0x0 obj/default/asm.o
 .bss           0x00011c64        0x0 c:/altera/12.0/nios2eds/bin/gnu/h-i686-mingw32/bin/../lib/gcc/nios2-elf/4.1.2\libgcc.a(lib2-divmod.o)
 .bss           0x00011c64        0x0 c:/altera/12.0/nios2eds/bin/gnu/h-i686-mingw32/bin/../lib/gcc/nios2-elf/4.1.2/../../../../nios2-elf/lib\libc.a(lib_a-exit.o)
 .bss           0x00011c64        0x0 c:/altera/12.0/nios2eds/bin/gnu/h-i686-mingw32/bin/../lib/gcc/nios2-elf/4.1.2/../../../../nios2-elf/lib\libc.a(lib_a-impure.o)
 .bss           0x00011c64        0x0 c:/altera/12.0/nios2eds/bin/gnu/h-i686-mingw32/bin/../lib/gcc/nios2-elf/4.1.2/../../../../nios2-elf/lib\libc.a(lib_a-malloc.o)
 .bss           0x00011c64       0x28 c:/altera/12.0/nios2eds/bin/gnu/h-i686-mingw32/bin/../lib/gcc/nios2-elf/4.1.2/../../../../nios2-elf/lib\libc.a(lib_a-mallocr.o)
                0x00011c64                __malloc_current_mallinfo
 .bss           0x00011c8c        0x0 c:/altera/12.0/nios2eds/bin/gnu/h-i686-mingw32/bin/../lib/gcc/nios2-elf/4.1.2/../../../../nios2-elf/lib\libc.a(lib_a-printf.o)
 .bss           0x00011c8c        0x0 c:/altera/12.0/nios2eds/bin/gnu/h-i686-mingw32/bin/../lib/gcc/nios2-elf/4.1.2/../../../../nios2-elf/lib\libc.a(lib_a-puts.o)
 .bss           0x00011c8c        0x0 c:/altera/12.0/nios2eds/bin/gnu/h-i686-mingw32/bin/../lib/gcc/nios2-elf/4.1.2/../../../../nios2-elf/lib\libc.a(lib_a-sbrkr.o)
 .bss           0x00011c8c        0x0 c:/altera/12.0/nios2eds/bin/gnu/h-i686-mingw32/bin/../lib/gcc/nios2-elf/4.1.2/../../../../nios2-elf/lib\libc.a(lib_a-strlen.o)
 .bss           0x00011c8c        0x0 c:/altera/12.0/nios2eds/bin/gnu/h-i686-mingw32/bin/../lib/gcc/nios2-elf/4.1.2/../../../../nios2-elf/lib\libc.a(lib_a-vfprintf.o)
 .bss           0x00011c8c        0x0 c:/altera/12.0/nios2eds/bin/gnu/h-i686-mingw32/bin/../lib/gcc/nios2-elf/4.1.2/../../../../nios2-elf/lib\libc.a(lib_a-wsetup.o)
 .bss           0x00011c8c        0x0 c:/altera/12.0/nios2eds/bin/gnu/h-i686-mingw32/bin/../lib/gcc/nios2-elf/4.1.2/../../../../nios2-elf/lib\libc.a(lib_a-__call_atexit.o)
 .bss           0x00011c8c        0x0 c:/altera/12.0/nios2eds/bin/gnu/h-i686-mingw32/bin/../lib/gcc/nios2-elf/4.1.2/../../../../nios2-elf/lib\libc.a(lib_a-dtoa.o)
 .bss           0x00011c8c        0x0 c:/altera/12.0/nios2eds/bin/gnu/h-i686-mingw32/bin/../lib/gcc/nios2-elf/4.1.2/../../../../nios2-elf/lib\libc.a(lib_a-fflush.o)
 .bss           0x00011c8c        0x0 c:/altera/12.0/nios2eds/bin/gnu/h-i686-mingw32/bin/../lib/gcc/nios2-elf/4.1.2/../../../../nios2-elf/lib\libc.a(lib_a-findfp.o)
 .bss           0x00011c8c        0x0 c:/altera/12.0/nios2eds/bin/gnu/h-i686-mingw32/bin/../lib/gcc/nios2-elf/4.1.2/../../../../nios2-elf/lib\libc.a(lib_a-freer.o)
 .bss           0x00011c8c        0x0 c:/altera/12.0/nios2eds/bin/gnu/h-i686-mingw32/bin/../lib/gcc/nios2-elf/4.1.2/../../../../nios2-elf/lib\libc.a(lib_a-fvwrite.o)
 .bss           0x00011c8c        0x0 c:/altera/12.0/nios2eds/bin/gnu/h-i686-mingw32/bin/../lib/gcc/nios2-elf/4.1.2/../../../../nios2-elf/lib\libc.a(lib_a-fwalk.o)
 .bss           0x00011c8c        0x0 c:/altera/12.0/nios2eds/bin/gnu/h-i686-mingw32/bin/../lib/gcc/nios2-elf/4.1.2/../../../../nios2-elf/lib\libc.a(lib_a-int_errno.o)
 .bss           0x00011c8c        0x0 c:/altera/12.0/nios2eds/bin/gnu/h-i686-mingw32/bin/../lib/gcc/nios2-elf/4.1.2/../../../../nios2-elf/lib\libc.a(lib_a-locale.o)
 .bss           0x00011c8c        0x0 c:/altera/12.0/nios2eds/bin/gnu/h-i686-mingw32/bin/../lib/gcc/nios2-elf/4.1.2/../../../../nios2-elf/lib\libc.a(lib_a-makebuf.o)
 .bss           0x00011c8c        0x0 c:/altera/12.0/nios2eds/bin/gnu/h-i686-mingw32/bin/../lib/gcc/nios2-elf/4.1.2/../../../../nios2-elf/lib\libc.a(lib_a-memchr.o)
 .bss           0x00011c8c        0x0 c:/altera/12.0/nios2eds/bin/gnu/h-i686-mingw32/bin/../lib/gcc/nios2-elf/4.1.2/../../../../nios2-elf/lib\libc.a(lib_a-memcpy.o)
 .bss           0x00011c8c        0x0 c:/altera/12.0/nios2eds/bin/gnu/h-i686-mingw32/bin/../lib/gcc/nios2-elf/4.1.2/../../../../nios2-elf/lib\libc.a(lib_a-memmove.o)
 .bss           0x00011c8c        0x0 c:/altera/12.0/nios2eds/bin/gnu/h-i686-mingw32/bin/../lib/gcc/nios2-elf/4.1.2/../../../../nios2-elf/lib\libc.a(lib_a-memset.o)
 .bss           0x00011c8c        0x0 c:/altera/12.0/nios2eds/bin/gnu/h-i686-mingw32/bin/../lib/gcc/nios2-elf/4.1.2/../../../../nios2-elf/lib\libc.a(lib_a-mprec.o)
 .bss           0x00011c8c        0x0 c:/altera/12.0/nios2eds/bin/gnu/h-i686-mingw32/bin/../lib/gcc/nios2-elf/4.1.2/../../../../nios2-elf/lib\libc.a(lib_a-reallocr.o)
 .bss           0x00011c8c        0x0 c:/altera/12.0/nios2eds/bin/gnu/h-i686-mingw32/bin/../lib/gcc/nios2-elf/4.1.2/../../../../nios2-elf/lib\libc.a(lib_a-s_isinfd.o)
 .bss           0x00011c8c        0x0 c:/altera/12.0/nios2eds/bin/gnu/h-i686-mingw32/bin/../lib/gcc/nios2-elf/4.1.2/../../../../nios2-elf/lib\libc.a(lib_a-s_isnand.o)
 .bss           0x00011c8c        0x0 c:/altera/12.0/nios2eds/bin/gnu/h-i686-mingw32/bin/../lib/gcc/nios2-elf/4.1.2/../../../../nios2-elf/lib\libc.a(lib_a-stdio.o)
 .bss           0x00011c8c        0x0 c:/altera/12.0/nios2eds/bin/gnu/h-i686-mingw32/bin/../lib/gcc/nios2-elf/4.1.2/../../../../nios2-elf/lib\libc.a(lib_a-strcmp.o)
 .bss           0x00011c8c        0x0 c:/altera/12.0/nios2eds/bin/gnu/h-i686-mingw32/bin/../lib/gcc/nios2-elf/4.1.2/../../../../nios2-elf/lib\libc.a(lib_a-writer.o)
 .bss           0x00011c8c        0x0 c:/altera/12.0/nios2eds/bin/gnu/h-i686-mingw32/bin/../lib/gcc/nios2-elf/4.1.2/../../../../nios2-elf/lib\libc.a(lib_a-callocr.o)
 .bss           0x00011c8c        0x0 c:/altera/12.0/nios2eds/bin/gnu/h-i686-mingw32/bin/../lib/gcc/nios2-elf/4.1.2/../../../../nios2-elf/lib\libc.a(lib_a-closer.o)
 .bss           0x00011c8c        0x0 c:/altera/12.0/nios2eds/bin/gnu/h-i686-mingw32/bin/../lib/gcc/nios2-elf/4.1.2/../../../../nios2-elf/lib\libc.a(lib_a-fclose.o)
 .bss           0x00011c8c        0x0 c:/altera/12.0/nios2eds/bin/gnu/h-i686-mingw32/bin/../lib/gcc/nios2-elf/4.1.2/../../../../nios2-elf/lib\libc.a(lib_a-fstatr.o)
 .bss           0x00011c8c        0x0 c:/altera/12.0/nios2eds/bin/gnu/h-i686-mingw32/bin/../lib/gcc/nios2-elf/4.1.2/../../../../nios2-elf/lib\libc.a(lib_a-isattyr.o)
 .bss           0x00011c8c        0x0 c:/altera/12.0/nios2eds/bin/gnu/h-i686-mingw32/bin/../lib/gcc/nios2-elf/4.1.2/../../../../nios2-elf/lib\libc.a(lib_a-lseekr.o)
 .bss           0x00011c8c        0x0 c:/altera/12.0/nios2eds/bin/gnu/h-i686-mingw32/bin/../lib/gcc/nios2-elf/4.1.2/../../../../nios2-elf/lib\libc.a(lib_a-readr.o)
 .bss           0x00011c8c        0x0 c:/altera/12.0/nios2eds/bin/gnu/h-i686-mingw32/bin/../lib/gcc/nios2-elf/4.1.2\libgcc.a(_udivdi3.o)
 .bss           0x00011c8c        0x0 c:/altera/12.0/nios2eds/bin/gnu/h-i686-mingw32/bin/../lib/gcc/nios2-elf/4.1.2\libgcc.a(_umoddi3.o)
 .bss           0x00011c8c        0x0 c:/altera/12.0/nios2eds/bin/gnu/h-i686-mingw32/bin/../lib/gcc/nios2-elf/4.1.2\libgcc.a(_addsub_df.o)
 .bss           0x00011c8c        0x0 c:/altera/12.0/nios2eds/bin/gnu/h-i686-mingw32/bin/../lib/gcc/nios2-elf/4.1.2\libgcc.a(_mul_df.o)
 .bss           0x00011c8c        0x0 c:/altera/12.0/nios2eds/bin/gnu/h-i686-mingw32/bin/../lib/gcc/nios2-elf/4.1.2\libgcc.a(_div_df.o)
 .bss           0x00011c8c        0x0 c:/altera/12.0/nios2eds/bin/gnu/h-i686-mingw32/bin/../lib/gcc/nios2-elf/4.1.2\libgcc.a(_eq_df.o)
 .bss           0x00011c8c        0x0 c:/altera/12.0/nios2eds/bin/gnu/h-i686-mingw32/bin/../lib/gcc/nios2-elf/4.1.2\libgcc.a(_ne_df.o)
 .bss           0x00011c8c        0x0 c:/altera/12.0/nios2eds/bin/gnu/h-i686-mingw32/bin/../lib/gcc/nios2-elf/4.1.2\libgcc.a(_gt_df.o)
 .bss           0x00011c8c        0x0 c:/altera/12.0/nios2eds/bin/gnu/h-i686-mingw32/bin/../lib/gcc/nios2-elf/4.1.2\libgcc.a(_ge_df.o)
 .bss           0x00011c8c        0x0 c:/altera/12.0/nios2eds/bin/gnu/h-i686-mingw32/bin/../lib/gcc/nios2-elf/4.1.2\libgcc.a(_lt_df.o)
 .bss           0x00011c8c        0x0 c:/altera/12.0/nios2eds/bin/gnu/h-i686-mingw32/bin/../lib/gcc/nios2-elf/4.1.2\libgcc.a(_si_to_df.o)
 .bss           0x00011c8c        0x0 c:/altera/12.0/nios2eds/bin/gnu/h-i686-mingw32/bin/../lib/gcc/nios2-elf/4.1.2\libgcc.a(_df_to_si.o)
 .bss           0x00011c8c        0x0 c:/altera/12.0/nios2eds/bin/gnu/h-i686-mingw32/bin/../lib/gcc/nios2-elf/4.1.2\libgcc.a(_thenan_df.o)
 .bss           0x00011c8c        0x0 c:/altera/12.0/nios2eds/bin/gnu/h-i686-mingw32/bin/../lib/gcc/nios2-elf/4.1.2\libgcc.a(_usi_to_df.o)
 .bss           0x00011c8c        0x0 c:/altera/12.0/nios2eds/bin/gnu/h-i686-mingw32/bin/../lib/gcc/nios2-elf/4.1.2\libgcc.a(_muldi3.o)
 .bss           0x00011c8c        0x0 c:/altera/12.0/nios2eds/bin/gnu/h-i686-mingw32/bin/../lib/gcc/nios2-elf/4.1.2\libgcc.a(_clz.o)
 .bss           0x00011c8c        0x0 c:/altera/12.0/nios2eds/bin/gnu/h-i686-mingw32/bin/../lib/gcc/nios2-elf/4.1.2\libgcc.a(_clzsi2.o)
 .bss           0x00011c8c        0x0 c:/altera/12.0/nios2eds/bin/gnu/h-i686-mingw32/bin/../lib/gcc/nios2-elf/4.1.2\libgcc.a(_pack_df.o)
 .bss           0x00011c8c        0x0 c:/altera/12.0/nios2eds/bin/gnu/h-i686-mingw32/bin/../lib/gcc/nios2-elf/4.1.2\libgcc.a(_unpack_df.o)
 .bss           0x00011c8c        0x0 c:/altera/12.0/nios2eds/bin/gnu/h-i686-mingw32/bin/../lib/gcc/nios2-elf/4.1.2\libgcc.a(_fpcmp_parts_df.o)
 .bss           0x00011c8c        0x0 ../kernel_bsp/\libhal_bsp.a(alt_close.o)
 .bss           0x00011c8c        0x0 ../kernel_bsp/\libhal_bsp.a(alt_dev.o)
 .bss           0x00011c8c        0x0 ../kernel_bsp/\libhal_bsp.a(alt_errno.o)
 .bss           0x00011c8c        0x0 ../kernel_bsp/\libhal_bsp.a(alt_exit.o)
 .bss           0x00011c8c        0x0 ../kernel_bsp/\libhal_bsp.a(alt_fstat.o)
 .bss           0x00011c8c        0x0 ../kernel_bsp/\libhal_bsp.a(alt_irq_register.o)
 .bss           0x00011c8c        0x0 ../kernel_bsp/\libhal_bsp.a(alt_irq_vars.o)
 .bss           0x00011c8c        0x0 ../kernel_bsp/\libhal_bsp.a(alt_isatty.o)
 .bss           0x00011c8c        0x0 ../kernel_bsp/\libhal_bsp.a(alt_load.o)
 .bss           0x00011c8c        0x0 ../kernel_bsp/\libhal_bsp.a(alt_lseek.o)
 .bss           0x00011c8c        0x0 ../kernel_bsp/\libhal_bsp.a(alt_main.o)
 .bss           0x00011c8c        0x0 ../kernel_bsp/\libhal_bsp.a(alt_malloc_lock.o)
 .bss           0x00011c8c        0x0 ../kernel_bsp/\libhal_bsp.a(alt_read.o)
 .bss           0x00011c8c        0x0 ../kernel_bsp/\libhal_bsp.a(alt_release_fd.o)
 .bss           0x00011c8c        0x0 ../kernel_bsp/\libhal_bsp.a(alt_sbrk.o)
 .bss           0x00011c8c        0x0 ../kernel_bsp/\libhal_bsp.a(alt_write.o)
 .bss           0x00011c8c        0x0 ../kernel_bsp/\libhal_bsp.a(alt_sys_init.o)
 .bss           0x00011c8c        0x0 ../kernel_bsp/\libhal_bsp.a(altera_avalon_jtag_uart_fd.o)
 .bss           0x00011c8c        0x0 ../kernel_bsp/\libhal_bsp.a(altera_avalon_jtag_uart_init.o)
 .bss           0x00011c8c        0x0 ../kernel_bsp/\libhal_bsp.a(altera_avalon_jtag_uart_ioctl.o)
 .bss           0x00011c8c        0x0 ../kernel_bsp/\libhal_bsp.a(altera_avalon_jtag_uart_read.o)
 .bss           0x00011c8c        0x0 ../kernel_bsp/\libhal_bsp.a(altera_avalon_jtag_uart_write.o)
 .bss           0x00011c8c        0x0 ../kernel_bsp/\libhal_bsp.a(altera_avalon_timer_sc.o)
 .bss           0x00011c8c        0x0 ../kernel_bsp/\libhal_bsp.a(alt_alarm_start.o)
 .bss           0x00011c8c        0x0 ../kernel_bsp/\libhal_bsp.a(alt_dcache_flush_all.o)
 .bss           0x00011c8c        0x0 ../kernel_bsp/\libhal_bsp.a(alt_dev_llist_insert.o)
 .bss           0x00011c8c        0x0 ../kernel_bsp/\libhal_bsp.a(alt_do_ctors.o)
 .bss           0x00011c8c        0x0 ../kernel_bsp/\libhal_bsp.a(alt_do_dtors.o)
 .bss           0x00011c8c        0x0 ../kernel_bsp/\libhal_bsp.a(alt_icache_flush_all.o)
 .bss           0x00011c8c        0x0 ../kernel_bsp/\libhal_bsp.a(alt_iic.o)
 .bss           0x00011c8c        0x0 ../kernel_bsp/\libhal_bsp.a(alt_iic_isr_register.o)
 .bss           0x00011c8c        0x0 ../kernel_bsp/\libhal_bsp.a(alt_io_redirect.o)
 .bss           0x00011c8c        0x0 ../kernel_bsp/\libhal_bsp.a(alt_irq_entry.o)
 .bss           0x00011c8c        0x0 ../kernel_bsp/\libhal_bsp.a(alt_irq_handler.o)
 .bss           0x00011c8c        0x0 ../kernel_bsp/\libhal_bsp.a(alt_open.o)
 .bss           0x00011c8c        0x0 ../kernel_bsp/\libhal_bsp.a(alt_tick.o)
 .bss           0x00011c8c        0x0 ../kernel_bsp/\libhal_bsp.a(altera_nios2_qsys_irq.o)
 .bss           0x00011c8c        0x0 ../kernel_bsp/\libhal_bsp.a(alt_exception_entry.o)
 .bss           0x00011c8c        0x0 ../kernel_bsp/\libhal_bsp.a(alt_find_dev.o)
 .bss           0x00011c8c        0x0 ../kernel_bsp/\libhal_bsp.a(alt_find_file.o)
 .bss           0x00011c8c        0x0 ../kernel_bsp/\libhal_bsp.a(alt_get_fd.o)
 .bss           0x00011c8c        0x0 ../kernel_bsp/\libhal_bsp.a(alt_icache_flush.o)
 .bss           0x00011c8c        0x0 c:/altera/12.0/nios2eds/bin/gnu/h-i686-mingw32/bin/../lib/gcc/nios2-elf/4.1.2/../../../../nios2-elf/lib\libc.a(lib_a-atexit.o)
 .bss           0x00011c8c        0x0 c:/altera/12.0/nios2eds/bin/gnu/h-i686-mingw32/bin/../lib/gcc/nios2-elf/4.1.2/../../../../nios2-elf/lib\libc.a(lib_a-memcmp.o)
 .bss           0x00011c8c        0x0 c:/altera/12.0/nios2eds/bin/gnu/h-i686-mingw32/bin/../lib/gcc/nios2-elf/4.1.2/../../../../nios2-elf/lib\libc.a(lib_a-__atexit.o)
 *(COMMON)
 COMMON         0x00011c8c      0x280 obj/default/kernel.o
                0x00011c8c                monitors
                0x00011d04                processes
 COMMON         0x00011f0c       0x24 obj/default/kernelTest1.o
                0x00011f0c                b2
                0x00011f18                b1
                0x00011f24                b0
 COMMON         0x00011f30      0x100 ../kernel_bsp/\libhal_bsp.a(alt_irq_handler.o)
                0x00011f30                alt_irq
 COMMON         0x00012030      0x190 c:/altera/12.0/nios2eds/bin/gnu/h-i686-mingw32/bin/../lib/gcc/nios2-elf/4.1.2/../../../../nios2-elf/lib\libc.a(lib_a-atexit.o)
                0x00012030                _atexit0
                0x000121c0                . = ALIGN (0x4)
                0x000121c0                __bss_end = ABSOLUTE (.)

.sdram          0x000121c0        0x0
                0x000121c0                PROVIDE (_alt_partition_sdram_start, ABSOLUTE (.))
 *(.sdram. sdram.*)
                0x000121c0                . = ALIGN (0x4)
                0x000121c0                PROVIDE (_alt_partition_sdram_end, ABSOLUTE (.))
                0x000121c0                _end = ABSOLUTE (.)
                0x000121c0                end = ABSOLUTE (.)
                0x000121c0                __alt_stack_base = ABSOLUTE (.)
                0x000121c0                PROVIDE (_alt_partition_sdram_load_addr, LOADADDR (.sdram))

.onchip_mem     0x020001b4        0x0 load address 0x000121c0
                0x020001b4                PROVIDE (_alt_partition_onchip_mem_start, ABSOLUTE (.))
 *(.onchip_mem. onchip_mem.*)
                0x020001b4                . = ALIGN (0x4)
                0x020001b4                PROVIDE (_alt_partition_onchip_mem_end, ABSOLUTE (.))
                0x000121c0                PROVIDE (_alt_partition_onchip_mem_load_addr, LOADADDR (.onchip_mem))

.stab
 *(.stab)

.stabstr
 *(.stabstr)

.stab.excl
 *(.stab.excl)

.stab.exclstr
 *(.stab.exclstr)

.stab.index
 *(.stab.index)

.stab.indexstr
 *(.stab.indexstr)

.comment        0x00000000       0x23
 *(.comment)
 .comment       0x00000000       0x23 obj/default/interrupt.o
                                 0x24 (size before relaxing)
 .comment       0x00000000       0x24 obj/default/kernel.o
 .comment       0x00000000       0x24 obj/default/kernelTest1.o
 .comment       0x00000000       0x24 obj/default/system_m.o
 .comment       0x00000000       0x24 c:/altera/12.0/nios2eds/bin/gnu/h-i686-mingw32/bin/../lib/gcc/nios2-elf/4.1.2\libgcc.a(lib2-divmod.o)
 .comment       0x00000000       0x24 c:/altera/12.0/nios2eds/bin/gnu/h-i686-mingw32/bin/../lib/gcc/nios2-elf/4.1.2/../../../../nios2-elf/lib\libc.a(lib_a-exit.o)
 .comment       0x00000000       0x24 c:/altera/12.0/nios2eds/bin/gnu/h-i686-mingw32/bin/../lib/gcc/nios2-elf/4.1.2/../../../../nios2-elf/lib\libc.a(lib_a-impure.o)
 .comment       0x00000000       0x24 c:/altera/12.0/nios2eds/bin/gnu/h-i686-mingw32/bin/../lib/gcc/nios2-elf/4.1.2/../../../../nios2-elf/lib\libc.a(lib_a-malloc.o)
 .comment       0x00000000       0x24 c:/altera/12.0/nios2eds/bin/gnu/h-i686-mingw32/bin/../lib/gcc/nios2-elf/4.1.2/../../../../nios2-elf/lib\libc.a(lib_a-mallocr.o)
 .comment       0x00000000       0x24 c:/altera/12.0/nios2eds/bin/gnu/h-i686-mingw32/bin/../lib/gcc/nios2-elf/4.1.2/../../../../nios2-elf/lib\libc.a(lib_a-printf.o)
 .comment       0x00000000       0x24 c:/altera/12.0/nios2eds/bin/gnu/h-i686-mingw32/bin/../lib/gcc/nios2-elf/4.1.2/../../../../nios2-elf/lib\libc.a(lib_a-puts.o)
 .comment       0x00000000       0x24 c:/altera/12.0/nios2eds/bin/gnu/h-i686-mingw32/bin/../lib/gcc/nios2-elf/4.1.2/../../../../nios2-elf/lib\libc.a(lib_a-sbrkr.o)
 .comment       0x00000000       0x24 c:/altera/12.0/nios2eds/bin/gnu/h-i686-mingw32/bin/../lib/gcc/nios2-elf/4.1.2/../../../../nios2-elf/lib\libc.a(lib_a-strlen.o)
 .comment       0x00000000       0x24 c:/altera/12.0/nios2eds/bin/gnu/h-i686-mingw32/bin/../lib/gcc/nios2-elf/4.1.2/../../../../nios2-elf/lib\libc.a(lib_a-vfprintf.o)
 .comment       0x00000000       0x24 c:/altera/12.0/nios2eds/bin/gnu/h-i686-mingw32/bin/../lib/gcc/nios2-elf/4.1.2/../../../../nios2-elf/lib\libc.a(lib_a-wsetup.o)
 .comment       0x00000000       0x24 c:/altera/12.0/nios2eds/bin/gnu/h-i686-mingw32/bin/../lib/gcc/nios2-elf/4.1.2/../../../../nios2-elf/lib\libc.a(lib_a-__call_atexit.o)
 .comment       0x00000000       0x24 c:/altera/12.0/nios2eds/bin/gnu/h-i686-mingw32/bin/../lib/gcc/nios2-elf/4.1.2/../../../../nios2-elf/lib\libc.a(lib_a-dtoa.o)
 .comment       0x00000000       0x24 c:/altera/12.0/nios2eds/bin/gnu/h-i686-mingw32/bin/../lib/gcc/nios2-elf/4.1.2/../../../../nios2-elf/lib\libc.a(lib_a-fflush.o)
 .comment       0x00000000       0x24 c:/altera/12.0/nios2eds/bin/gnu/h-i686-mingw32/bin/../lib/gcc/nios2-elf/4.1.2/../../../../nios2-elf/lib\libc.a(lib_a-findfp.o)
 .comment       0x00000000       0x24 c:/altera/12.0/nios2eds/bin/gnu/h-i686-mingw32/bin/../lib/gcc/nios2-elf/4.1.2/../../../../nios2-elf/lib\libc.a(lib_a-freer.o)
 .comment       0x00000000       0x24 c:/altera/12.0/nios2eds/bin/gnu/h-i686-mingw32/bin/../lib/gcc/nios2-elf/4.1.2/../../../../nios2-elf/lib\libc.a(lib_a-fvwrite.o)
 .comment       0x00000000       0x24 c:/altera/12.0/nios2eds/bin/gnu/h-i686-mingw32/bin/../lib/gcc/nios2-elf/4.1.2/../../../../nios2-elf/lib\libc.a(lib_a-fwalk.o)
 .comment       0x00000000       0x24 c:/altera/12.0/nios2eds/bin/gnu/h-i686-mingw32/bin/../lib/gcc/nios2-elf/4.1.2/../../../../nios2-elf/lib\libc.a(lib_a-int_errno.o)
 .comment       0x00000000       0x24 c:/altera/12.0/nios2eds/bin/gnu/h-i686-mingw32/bin/../lib/gcc/nios2-elf/4.1.2/../../../../nios2-elf/lib\libc.a(lib_a-locale.o)
 .comment       0x00000000       0x24 c:/altera/12.0/nios2eds/bin/gnu/h-i686-mingw32/bin/../lib/gcc/nios2-elf/4.1.2/../../../../nios2-elf/lib\libc.a(lib_a-makebuf.o)
 .comment       0x00000000       0x24 c:/altera/12.0/nios2eds/bin/gnu/h-i686-mingw32/bin/../lib/gcc/nios2-elf/4.1.2/../../../../nios2-elf/lib\libc.a(lib_a-memchr.o)
 .comment       0x00000000       0x24 c:/altera/12.0/nios2eds/bin/gnu/h-i686-mingw32/bin/../lib/gcc/nios2-elf/4.1.2/../../../../nios2-elf/lib\libc.a(lib_a-memcpy.o)
 .comment       0x00000000       0x24 c:/altera/12.0/nios2eds/bin/gnu/h-i686-mingw32/bin/../lib/gcc/nios2-elf/4.1.2/../../../../nios2-elf/lib\libc.a(lib_a-memmove.o)
 .comment       0x00000000       0x24 c:/altera/12.0/nios2eds/bin/gnu/h-i686-mingw32/bin/../lib/gcc/nios2-elf/4.1.2/../../../../nios2-elf/lib\libc.a(lib_a-memset.o)
 .comment       0x00000000       0x24 c:/altera/12.0/nios2eds/bin/gnu/h-i686-mingw32/bin/../lib/gcc/nios2-elf/4.1.2/../../../../nios2-elf/lib\libc.a(lib_a-mprec.o)
 .comment       0x00000000       0x24 c:/altera/12.0/nios2eds/bin/gnu/h-i686-mingw32/bin/../lib/gcc/nios2-elf/4.1.2/../../../../nios2-elf/lib\libc.a(lib_a-reallocr.o)
 .comment       0x00000000       0x24 c:/altera/12.0/nios2eds/bin/gnu/h-i686-mingw32/bin/../lib/gcc/nios2-elf/4.1.2/../../../../nios2-elf/lib\libc.a(lib_a-s_isinfd.o)
 .comment       0x00000000       0x24 c:/altera/12.0/nios2eds/bin/gnu/h-i686-mingw32/bin/../lib/gcc/nios2-elf/4.1.2/../../../../nios2-elf/lib\libc.a(lib_a-s_isnand.o)
 .comment       0x00000000       0x24 c:/altera/12.0/nios2eds/bin/gnu/h-i686-mingw32/bin/../lib/gcc/nios2-elf/4.1.2/../../../../nios2-elf/lib\libc.a(lib_a-stdio.o)
 .comment       0x00000000       0x24 c:/altera/12.0/nios2eds/bin/gnu/h-i686-mingw32/bin/../lib/gcc/nios2-elf/4.1.2/../../../../nios2-elf/lib\libc.a(lib_a-strcmp.o)
 .comment       0x00000000       0x24 c:/altera/12.0/nios2eds/bin/gnu/h-i686-mingw32/bin/../lib/gcc/nios2-elf/4.1.2/../../../../nios2-elf/lib\libc.a(lib_a-writer.o)
 .comment       0x00000000       0x24 c:/altera/12.0/nios2eds/bin/gnu/h-i686-mingw32/bin/../lib/gcc/nios2-elf/4.1.2/../../../../nios2-elf/lib\libc.a(lib_a-callocr.o)
 .comment       0x00000000       0x24 c:/altera/12.0/nios2eds/bin/gnu/h-i686-mingw32/bin/../lib/gcc/nios2-elf/4.1.2/../../../../nios2-elf/lib\libc.a(lib_a-closer.o)
 .comment       0x00000000       0x24 c:/altera/12.0/nios2eds/bin/gnu/h-i686-mingw32/bin/../lib/gcc/nios2-elf/4.1.2/../../../../nios2-elf/lib\libc.a(lib_a-fclose.o)
 .comment       0x00000000       0x24 c:/altera/12.0/nios2eds/bin/gnu/h-i686-mingw32/bin/../lib/gcc/nios2-elf/4.1.2/../../../../nios2-elf/lib\libc.a(lib_a-fstatr.o)
 .comment       0x00000000       0x24 c:/altera/12.0/nios2eds/bin/gnu/h-i686-mingw32/bin/../lib/gcc/nios2-elf/4.1.2/../../../../nios2-elf/lib\libc.a(lib_a-isattyr.o)
 .comment       0x00000000       0x24 c:/altera/12.0/nios2eds/bin/gnu/h-i686-mingw32/bin/../lib/gcc/nios2-elf/4.1.2/../../../../nios2-elf/lib\libc.a(lib_a-lseekr.o)
 .comment       0x00000000       0x24 c:/altera/12.0/nios2eds/bin/gnu/h-i686-mingw32/bin/../lib/gcc/nios2-elf/4.1.2/../../../../nios2-elf/lib\libc.a(lib_a-readr.o)
 .comment       0x00000000       0x24 c:/altera/12.0/nios2eds/bin/gnu/h-i686-mingw32/bin/../lib/gcc/nios2-elf/4.1.2\libgcc.a(_udivdi3.o)
 .comment       0x00000000       0x24 c:/altera/12.0/nios2eds/bin/gnu/h-i686-mingw32/bin/../lib/gcc/nios2-elf/4.1.2\libgcc.a(_umoddi3.o)
 .comment       0x00000000       0x24 c:/altera/12.0/nios2eds/bin/gnu/h-i686-mingw32/bin/../lib/gcc/nios2-elf/4.1.2\libgcc.a(_addsub_df.o)
 .comment       0x00000000       0x24 c:/altera/12.0/nios2eds/bin/gnu/h-i686-mingw32/bin/../lib/gcc/nios2-elf/4.1.2\libgcc.a(_mul_df.o)
 .comment       0x00000000       0x24 c:/altera/12.0/nios2eds/bin/gnu/h-i686-mingw32/bin/../lib/gcc/nios2-elf/4.1.2\libgcc.a(_div_df.o)
 .comment       0x00000000       0x24 c:/altera/12.0/nios2eds/bin/gnu/h-i686-mingw32/bin/../lib/gcc/nios2-elf/4.1.2\libgcc.a(_eq_df.o)
 .comment       0x00000000       0x24 c:/altera/12.0/nios2eds/bin/gnu/h-i686-mingw32/bin/../lib/gcc/nios2-elf/4.1.2\libgcc.a(_ne_df.o)
 .comment       0x00000000       0x24 c:/altera/12.0/nios2eds/bin/gnu/h-i686-mingw32/bin/../lib/gcc/nios2-elf/4.1.2\libgcc.a(_gt_df.o)
 .comment       0x00000000       0x24 c:/altera/12.0/nios2eds/bin/gnu/h-i686-mingw32/bin/../lib/gcc/nios2-elf/4.1.2\libgcc.a(_ge_df.o)
 .comment       0x00000000       0x24 c:/altera/12.0/nios2eds/bin/gnu/h-i686-mingw32/bin/../lib/gcc/nios2-elf/4.1.2\libgcc.a(_lt_df.o)
 .comment       0x00000000       0x24 c:/altera/12.0/nios2eds/bin/gnu/h-i686-mingw32/bin/../lib/gcc/nios2-elf/4.1.2\libgcc.a(_si_to_df.o)
 .comment       0x00000000       0x24 c:/altera/12.0/nios2eds/bin/gnu/h-i686-mingw32/bin/../lib/gcc/nios2-elf/4.1.2\libgcc.a(_df_to_si.o)
 .comment       0x00000000       0x24 c:/altera/12.0/nios2eds/bin/gnu/h-i686-mingw32/bin/../lib/gcc/nios2-elf/4.1.2\libgcc.a(_thenan_df.o)
 .comment       0x00000000       0x24 c:/altera/12.0/nios2eds/bin/gnu/h-i686-mingw32/bin/../lib/gcc/nios2-elf/4.1.2\libgcc.a(_usi_to_df.o)
 .comment       0x00000000       0x24 c:/altera/12.0/nios2eds/bin/gnu/h-i686-mingw32/bin/../lib/gcc/nios2-elf/4.1.2\libgcc.a(_muldi3.o)
 .comment       0x00000000       0x24 c:/altera/12.0/nios2eds/bin/gnu/h-i686-mingw32/bin/../lib/gcc/nios2-elf/4.1.2\libgcc.a(_clz.o)
 .comment       0x00000000       0x24 c:/altera/12.0/nios2eds/bin/gnu/h-i686-mingw32/bin/../lib/gcc/nios2-elf/4.1.2\libgcc.a(_clzsi2.o)
 .comment       0x00000000       0x24 c:/altera/12.0/nios2eds/bin/gnu/h-i686-mingw32/bin/../lib/gcc/nios2-elf/4.1.2\libgcc.a(_pack_df.o)
 .comment       0x00000000       0x24 c:/altera/12.0/nios2eds/bin/gnu/h-i686-mingw32/bin/../lib/gcc/nios2-elf/4.1.2\libgcc.a(_unpack_df.o)
 .comment       0x00000000       0x24 c:/altera/12.0/nios2eds/bin/gnu/h-i686-mingw32/bin/../lib/gcc/nios2-elf/4.1.2\libgcc.a(_fpcmp_parts_df.o)
 .comment       0x00000000       0x24 ../kernel_bsp/\libhal_bsp.a(alt_close.o)
 .comment       0x00000000       0x24 ../kernel_bsp/\libhal_bsp.a(alt_dev.o)
 .comment       0x00000000       0x24 ../kernel_bsp/\libhal_bsp.a(alt_errno.o)
 .comment       0x00000000       0x24 ../kernel_bsp/\libhal_bsp.a(alt_exit.o)
 .comment       0x00000000       0x24 ../kernel_bsp/\libhal_bsp.a(alt_fstat.o)
 .comment       0x00000000       0x24 ../kernel_bsp/\libhal_bsp.a(alt_irq_register.o)
 .comment       0x00000000       0x24 ../kernel_bsp/\libhal_bsp.a(alt_irq_vars.o)
 .comment       0x00000000       0x24 ../kernel_bsp/\libhal_bsp.a(alt_isatty.o)
 .comment       0x00000000       0x24 ../kernel_bsp/\libhal_bsp.a(alt_load.o)
 .comment       0x00000000       0x24 ../kernel_bsp/\libhal_bsp.a(alt_lseek.o)
 .comment       0x00000000       0x24 ../kernel_bsp/\libhal_bsp.a(alt_main.o)
 .comment       0x00000000       0x24 ../kernel_bsp/\libhal_bsp.a(alt_malloc_lock.o)
 .comment       0x00000000       0x24 ../kernel_bsp/\libhal_bsp.a(alt_read.o)
 .comment       0x00000000       0x24 ../kernel_bsp/\libhal_bsp.a(alt_release_fd.o)
 .comment       0x00000000       0x24 ../kernel_bsp/\libhal_bsp.a(alt_sbrk.o)
 .comment       0x00000000       0x24 ../kernel_bsp/\libhal_bsp.a(alt_write.o)
 .comment       0x00000000       0x24 ../kernel_bsp/\libhal_bsp.a(alt_sys_init.o)
 .comment       0x00000000       0x24 ../kernel_bsp/\libhal_bsp.a(altera_avalon_jtag_uart_fd.o)
 .comment       0x00000000       0x24 ../kernel_bsp/\libhal_bsp.a(altera_avalon_jtag_uart_init.o)
 .comment       0x00000000       0x24 ../kernel_bsp/\libhal_bsp.a(altera_avalon_jtag_uart_ioctl.o)
 .comment       0x00000000       0x24 ../kernel_bsp/\libhal_bsp.a(altera_avalon_jtag_uart_read.o)
 .comment       0x00000000       0x24 ../kernel_bsp/\libhal_bsp.a(altera_avalon_jtag_uart_write.o)
 .comment       0x00000000       0x24 ../kernel_bsp/\libhal_bsp.a(altera_avalon_timer_sc.o)
 .comment       0x00000000       0x24 ../kernel_bsp/\libhal_bsp.a(alt_alarm_start.o)
 .comment       0x00000000       0x24 ../kernel_bsp/\libhal_bsp.a(alt_dcache_flush_all.o)
 .comment       0x00000000       0x24 ../kernel_bsp/\libhal_bsp.a(alt_dev_llist_insert.o)
 .comment       0x00000000       0x24 ../kernel_bsp/\libhal_bsp.a(alt_do_ctors.o)
 .comment       0x00000000       0x24 ../kernel_bsp/\libhal_bsp.a(alt_do_dtors.o)
 .comment       0x00000000       0x24 ../kernel_bsp/\libhal_bsp.a(alt_icache_flush_all.o)
 .comment       0x00000000       0x24 ../kernel_bsp/\libhal_bsp.a(alt_iic.o)
 .comment       0x00000000       0x24 ../kernel_bsp/\libhal_bsp.a(alt_iic_isr_register.o)
 .comment       0x00000000       0x24 ../kernel_bsp/\libhal_bsp.a(alt_io_redirect.o)
 .comment       0x00000000       0x24 ../kernel_bsp/\libhal_bsp.a(alt_irq_handler.o)
 .comment       0x00000000       0x24 ../kernel_bsp/\libhal_bsp.a(alt_open.o)
 .comment       0x00000000       0x24 ../kernel_bsp/\libhal_bsp.a(alt_tick.o)
 .comment       0x00000000       0x24 ../kernel_bsp/\libhal_bsp.a(altera_nios2_qsys_irq.o)
 .comment       0x00000000       0x24 ../kernel_bsp/\libhal_bsp.a(alt_find_dev.o)
 .comment       0x00000000       0x24 ../kernel_bsp/\libhal_bsp.a(alt_find_file.o)
 .comment       0x00000000       0x24 ../kernel_bsp/\libhal_bsp.a(alt_get_fd.o)
 .comment       0x00000000       0x24 ../kernel_bsp/\libhal_bsp.a(alt_icache_flush.o)
 .comment       0x00000000       0x24 c:/altera/12.0/nios2eds/bin/gnu/h-i686-mingw32/bin/../lib/gcc/nios2-elf/4.1.2/../../../../nios2-elf/lib\libc.a(lib_a-atexit.o)
 .comment       0x00000000       0x24 c:/altera/12.0/nios2eds/bin/gnu/h-i686-mingw32/bin/../lib/gcc/nios2-elf/4.1.2/../../../../nios2-elf/lib\libc.a(lib_a-memcmp.o)
 .comment       0x00000000       0x24 c:/altera/12.0/nios2eds/bin/gnu/h-i686-mingw32/bin/../lib/gcc/nios2-elf/4.1.2/../../../../nios2-elf/lib\libc.a(lib_a-__atexit.o)

.debug
 *(.debug)

.line
 *(.line)

.debug_srcinfo
 *(.debug_srcinfo)

.debug_sfnames
 *(.debug_sfnames)

.debug_aranges  0x00000000      0xd38
 *(.debug_aranges)
 .debug_aranges
                0x00000000       0x28 ../kernel_bsp//obj/HAL/src/crt0.o
 .debug_aranges
                0x00000028       0x20 obj/default/interrupt.o
 .debug_aranges
                0x00000048       0x20 obj/default/kernel.o
 .debug_aranges
                0x00000068       0x20 obj/default/kernelTest1.o
 .debug_aranges
                0x00000088       0x20 obj/default/system_m.o
 .debug_aranges
                0x000000a8       0x20 obj/default/asm.o
 .debug_aranges
                0x000000c8       0x20 c:/altera/12.0/nios2eds/bin/gnu/h-i686-mingw32/bin/../lib/gcc/nios2-elf/4.1.2\libgcc.a(lib2-divmod.o)
 .debug_aranges
                0x000000e8       0x20 c:/altera/12.0/nios2eds/bin/gnu/h-i686-mingw32/bin/../lib/gcc/nios2-elf/4.1.2/../../../../nios2-elf/lib\libc.a(lib_a-exit.o)
 .debug_aranges
                0x00000108       0x20 c:/altera/12.0/nios2eds/bin/gnu/h-i686-mingw32/bin/../lib/gcc/nios2-elf/4.1.2/../../../../nios2-elf/lib\libc.a(lib_a-malloc.o)
 .debug_aranges
                0x00000128       0x20 c:/altera/12.0/nios2eds/bin/gnu/h-i686-mingw32/bin/../lib/gcc/nios2-elf/4.1.2/../../../../nios2-elf/lib\libc.a(lib_a-mallocr.o)
 .debug_aranges
                0x00000148       0x20 c:/altera/12.0/nios2eds/bin/gnu/h-i686-mingw32/bin/../lib/gcc/nios2-elf/4.1.2/../../../../nios2-elf/lib\libc.a(lib_a-printf.o)
 .debug_aranges
                0x00000168       0x20 c:/altera/12.0/nios2eds/bin/gnu/h-i686-mingw32/bin/../lib/gcc/nios2-elf/4.1.2/../../../../nios2-elf/lib\libc.a(lib_a-puts.o)
 .debug_aranges
                0x00000188       0x20 c:/altera/12.0/nios2eds/bin/gnu/h-i686-mingw32/bin/../lib/gcc/nios2-elf/4.1.2/../../../../nios2-elf/lib\libc.a(lib_a-sbrkr.o)
 .debug_aranges
                0x000001a8       0x20 c:/altera/12.0/nios2eds/bin/gnu/h-i686-mingw32/bin/../lib/gcc/nios2-elf/4.1.2/../../../../nios2-elf/lib\libc.a(lib_a-strlen.o)
 .debug_aranges
                0x000001c8       0x20 c:/altera/12.0/nios2eds/bin/gnu/h-i686-mingw32/bin/../lib/gcc/nios2-elf/4.1.2/../../../../nios2-elf/lib\libc.a(lib_a-vfprintf.o)
 .debug_aranges
                0x000001e8       0x20 c:/altera/12.0/nios2eds/bin/gnu/h-i686-mingw32/bin/../lib/gcc/nios2-elf/4.1.2/../../../../nios2-elf/lib\libc.a(lib_a-wsetup.o)
 .debug_aranges
                0x00000208       0x20 c:/altera/12.0/nios2eds/bin/gnu/h-i686-mingw32/bin/../lib/gcc/nios2-elf/4.1.2/../../../../nios2-elf/lib\libc.a(lib_a-__call_atexit.o)
 .debug_aranges
                0x00000228       0x20 c:/altera/12.0/nios2eds/bin/gnu/h-i686-mingw32/bin/../lib/gcc/nios2-elf/4.1.2/../../../../nios2-elf/lib\libc.a(lib_a-dtoa.o)
 .debug_aranges
                0x00000248       0x20 c:/altera/12.0/nios2eds/bin/gnu/h-i686-mingw32/bin/../lib/gcc/nios2-elf/4.1.2/../../../../nios2-elf/lib\libc.a(lib_a-fflush.o)
 .debug_aranges
                0x00000268       0x20 c:/altera/12.0/nios2eds/bin/gnu/h-i686-mingw32/bin/../lib/gcc/nios2-elf/4.1.2/../../../../nios2-elf/lib\libc.a(lib_a-findfp.o)
 .debug_aranges
                0x00000288       0x20 c:/altera/12.0/nios2eds/bin/gnu/h-i686-mingw32/bin/../lib/gcc/nios2-elf/4.1.2/../../../../nios2-elf/lib\libc.a(lib_a-freer.o)
 .debug_aranges
                0x000002a8       0x20 c:/altera/12.0/nios2eds/bin/gnu/h-i686-mingw32/bin/../lib/gcc/nios2-elf/4.1.2/../../../../nios2-elf/lib\libc.a(lib_a-fvwrite.o)
 .debug_aranges
                0x000002c8       0x20 c:/altera/12.0/nios2eds/bin/gnu/h-i686-mingw32/bin/../lib/gcc/nios2-elf/4.1.2/../../../../nios2-elf/lib\libc.a(lib_a-fwalk.o)
 .debug_aranges
                0x000002e8       0x20 c:/altera/12.0/nios2eds/bin/gnu/h-i686-mingw32/bin/../lib/gcc/nios2-elf/4.1.2/../../../../nios2-elf/lib\libc.a(lib_a-locale.o)
 .debug_aranges
                0x00000308       0x20 c:/altera/12.0/nios2eds/bin/gnu/h-i686-mingw32/bin/../lib/gcc/nios2-elf/4.1.2/../../../../nios2-elf/lib\libc.a(lib_a-makebuf.o)
 .debug_aranges
                0x00000328       0x20 c:/altera/12.0/nios2eds/bin/gnu/h-i686-mingw32/bin/../lib/gcc/nios2-elf/4.1.2/../../../../nios2-elf/lib\libc.a(lib_a-memchr.o)
 .debug_aranges
                0x00000348       0x20 c:/altera/12.0/nios2eds/bin/gnu/h-i686-mingw32/bin/../lib/gcc/nios2-elf/4.1.2/../../../../nios2-elf/lib\libc.a(lib_a-memcpy.o)
 .debug_aranges
                0x00000368       0x20 c:/altera/12.0/nios2eds/bin/gnu/h-i686-mingw32/bin/../lib/gcc/nios2-elf/4.1.2/../../../../nios2-elf/lib\libc.a(lib_a-memmove.o)
 .debug_aranges
                0x00000388       0x20 c:/altera/12.0/nios2eds/bin/gnu/h-i686-mingw32/bin/../lib/gcc/nios2-elf/4.1.2/../../../../nios2-elf/lib\libc.a(lib_a-memset.o)
 .debug_aranges
                0x000003a8       0x20 c:/altera/12.0/nios2eds/bin/gnu/h-i686-mingw32/bin/../lib/gcc/nios2-elf/4.1.2/../../../../nios2-elf/lib\libc.a(lib_a-mprec.o)
 .debug_aranges
                0x000003c8       0x20 c:/altera/12.0/nios2eds/bin/gnu/h-i686-mingw32/bin/../lib/gcc/nios2-elf/4.1.2/../../../../nios2-elf/lib\libc.a(lib_a-reallocr.o)
 .debug_aranges
                0x000003e8       0x20 c:/altera/12.0/nios2eds/bin/gnu/h-i686-mingw32/bin/../lib/gcc/nios2-elf/4.1.2/../../../../nios2-elf/lib\libc.a(lib_a-s_isinfd.o)
 .debug_aranges
                0x00000408       0x20 c:/altera/12.0/nios2eds/bin/gnu/h-i686-mingw32/bin/../lib/gcc/nios2-elf/4.1.2/../../../../nios2-elf/lib\libc.a(lib_a-s_isnand.o)
 .debug_aranges
                0x00000428       0x20 c:/altera/12.0/nios2eds/bin/gnu/h-i686-mingw32/bin/../lib/gcc/nios2-elf/4.1.2/../../../../nios2-elf/lib\libc.a(lib_a-stdio.o)
 .debug_aranges
                0x00000448       0x20 c:/altera/12.0/nios2eds/bin/gnu/h-i686-mingw32/bin/../lib/gcc/nios2-elf/4.1.2/../../../../nios2-elf/lib\libc.a(lib_a-strcmp.o)
 .debug_aranges
                0x00000468       0x20 c:/altera/12.0/nios2eds/bin/gnu/h-i686-mingw32/bin/../lib/gcc/nios2-elf/4.1.2/../../../../nios2-elf/lib\libc.a(lib_a-writer.o)
 .debug_aranges
                0x00000488       0x20 c:/altera/12.0/nios2eds/bin/gnu/h-i686-mingw32/bin/../lib/gcc/nios2-elf/4.1.2/../../../../nios2-elf/lib\libc.a(lib_a-callocr.o)
 .debug_aranges
                0x000004a8       0x20 c:/altera/12.0/nios2eds/bin/gnu/h-i686-mingw32/bin/../lib/gcc/nios2-elf/4.1.2/../../../../nios2-elf/lib\libc.a(lib_a-closer.o)
 .debug_aranges
                0x000004c8       0x20 c:/altera/12.0/nios2eds/bin/gnu/h-i686-mingw32/bin/../lib/gcc/nios2-elf/4.1.2/../../../../nios2-elf/lib\libc.a(lib_a-fclose.o)
 .debug_aranges
                0x000004e8       0x20 c:/altera/12.0/nios2eds/bin/gnu/h-i686-mingw32/bin/../lib/gcc/nios2-elf/4.1.2/../../../../nios2-elf/lib\libc.a(lib_a-fstatr.o)
 .debug_aranges
                0x00000508       0x20 c:/altera/12.0/nios2eds/bin/gnu/h-i686-mingw32/bin/../lib/gcc/nios2-elf/4.1.2/../../../../nios2-elf/lib\libc.a(lib_a-isattyr.o)
 .debug_aranges
                0x00000528       0x20 c:/altera/12.0/nios2eds/bin/gnu/h-i686-mingw32/bin/../lib/gcc/nios2-elf/4.1.2/../../../../nios2-elf/lib\libc.a(lib_a-lseekr.o)
 .debug_aranges
                0x00000548       0x20 c:/altera/12.0/nios2eds/bin/gnu/h-i686-mingw32/bin/../lib/gcc/nios2-elf/4.1.2/../../../../nios2-elf/lib\libc.a(lib_a-readr.o)
 .debug_aranges
                0x00000568       0x20 c:/altera/12.0/nios2eds/bin/gnu/h-i686-mingw32/bin/../lib/gcc/nios2-elf/4.1.2\libgcc.a(_udivdi3.o)
 .debug_aranges
                0x00000588       0x20 c:/altera/12.0/nios2eds/bin/gnu/h-i686-mingw32/bin/../lib/gcc/nios2-elf/4.1.2\libgcc.a(_umoddi3.o)
 .debug_aranges
                0x000005a8       0x20 c:/altera/12.0/nios2eds/bin/gnu/h-i686-mingw32/bin/../lib/gcc/nios2-elf/4.1.2\libgcc.a(_addsub_df.o)
 .debug_aranges
                0x000005c8       0x20 c:/altera/12.0/nios2eds/bin/gnu/h-i686-mingw32/bin/../lib/gcc/nios2-elf/4.1.2\libgcc.a(_mul_df.o)
 .debug_aranges
                0x000005e8       0x20 c:/altera/12.0/nios2eds/bin/gnu/h-i686-mingw32/bin/../lib/gcc/nios2-elf/4.1.2\libgcc.a(_div_df.o)
 .debug_aranges
                0x00000608       0x20 c:/altera/12.0/nios2eds/bin/gnu/h-i686-mingw32/bin/../lib/gcc/nios2-elf/4.1.2\libgcc.a(_eq_df.o)
 .debug_aranges
                0x00000628       0x20 c:/altera/12.0/nios2eds/bin/gnu/h-i686-mingw32/bin/../lib/gcc/nios2-elf/4.1.2\libgcc.a(_ne_df.o)
 .debug_aranges
                0x00000648       0x20 c:/altera/12.0/nios2eds/bin/gnu/h-i686-mingw32/bin/../lib/gcc/nios2-elf/4.1.2\libgcc.a(_gt_df.o)
 .debug_aranges
                0x00000668       0x20 c:/altera/12.0/nios2eds/bin/gnu/h-i686-mingw32/bin/../lib/gcc/nios2-elf/4.1.2\libgcc.a(_ge_df.o)
 .debug_aranges
                0x00000688       0x20 c:/altera/12.0/nios2eds/bin/gnu/h-i686-mingw32/bin/../lib/gcc/nios2-elf/4.1.2\libgcc.a(_lt_df.o)
 .debug_aranges
                0x000006a8       0x20 c:/altera/12.0/nios2eds/bin/gnu/h-i686-mingw32/bin/../lib/gcc/nios2-elf/4.1.2\libgcc.a(_si_to_df.o)
 .debug_aranges
                0x000006c8       0x20 c:/altera/12.0/nios2eds/bin/gnu/h-i686-mingw32/bin/../lib/gcc/nios2-elf/4.1.2\libgcc.a(_df_to_si.o)
 .debug_aranges
                0x000006e8       0x20 c:/altera/12.0/nios2eds/bin/gnu/h-i686-mingw32/bin/../lib/gcc/nios2-elf/4.1.2\libgcc.a(_usi_to_df.o)
 .debug_aranges
                0x00000708       0x20 c:/altera/12.0/nios2eds/bin/gnu/h-i686-mingw32/bin/../lib/gcc/nios2-elf/4.1.2\libgcc.a(_muldi3.o)
 .debug_aranges
                0x00000728       0x20 c:/altera/12.0/nios2eds/bin/gnu/h-i686-mingw32/bin/../lib/gcc/nios2-elf/4.1.2\libgcc.a(_clzsi2.o)
 .debug_aranges
                0x00000748       0x20 c:/altera/12.0/nios2eds/bin/gnu/h-i686-mingw32/bin/../lib/gcc/nios2-elf/4.1.2\libgcc.a(_pack_df.o)
 .debug_aranges
                0x00000768       0x20 c:/altera/12.0/nios2eds/bin/gnu/h-i686-mingw32/bin/../lib/gcc/nios2-elf/4.1.2\libgcc.a(_unpack_df.o)
 .debug_aranges
                0x00000788       0x20 c:/altera/12.0/nios2eds/bin/gnu/h-i686-mingw32/bin/../lib/gcc/nios2-elf/4.1.2\libgcc.a(_fpcmp_parts_df.o)
 .debug_aranges
                0x000007a8       0x20 ../kernel_bsp/\libhal_bsp.a(alt_close.o)
 .debug_aranges
                0x000007c8       0x20 ../kernel_bsp/\libhal_bsp.a(alt_dev.o)
 .debug_aranges
                0x000007e8       0x20 ../kernel_bsp/\libhal_bsp.a(alt_exit.o)
 .debug_aranges
                0x00000808       0x20 ../kernel_bsp/\libhal_bsp.a(alt_fstat.o)
 .debug_aranges
                0x00000828       0x20 ../kernel_bsp/\libhal_bsp.a(alt_irq_register.o)
 .debug_aranges
                0x00000848       0x20 ../kernel_bsp/\libhal_bsp.a(alt_isatty.o)
 .debug_aranges
                0x00000868       0x20 ../kernel_bsp/\libhal_bsp.a(alt_load.o)
 .debug_aranges
                0x00000888       0x20 ../kernel_bsp/\libhal_bsp.a(alt_lseek.o)
 .debug_aranges
                0x000008a8       0x20 ../kernel_bsp/\libhal_bsp.a(alt_main.o)
 .debug_aranges
                0x000008c8       0x20 ../kernel_bsp/\libhal_bsp.a(alt_malloc_lock.o)
 .debug_aranges
                0x000008e8       0x20 ../kernel_bsp/\libhal_bsp.a(alt_read.o)
 .debug_aranges
                0x00000908       0x20 ../kernel_bsp/\libhal_bsp.a(alt_release_fd.o)
 .debug_aranges
                0x00000928       0x20 ../kernel_bsp/\libhal_bsp.a(alt_sbrk.o)
 .debug_aranges
                0x00000948       0x20 ../kernel_bsp/\libhal_bsp.a(alt_write.o)
 .debug_aranges
                0x00000968       0x20 ../kernel_bsp/\libhal_bsp.a(alt_sys_init.o)
 .debug_aranges
                0x00000988       0x20 ../kernel_bsp/\libhal_bsp.a(altera_avalon_jtag_uart_fd.o)
 .debug_aranges